Archive member included to satisfy reference by file (symbol)

c:/mounriver/mounriver_studio/toolchain/risc-v embedded gcc/bin/../lib/gcc/riscv-none-embed/8.2.0/rv32imacxw/ilp32\libgcc.a(save-restore.o)
                              ./User/IS31FL3731.o (__riscv_save_7)
c:/mounriver/mounriver_studio/toolchain/risc-v embedded gcc/bin/../lib/gcc/riscv-none-embed/8.2.0/../../../../riscv-none-embed/lib/rv32imacxw/ilp32\libg_nano.a(lib_a-printf.o)
                              ./User/main.o (printf)
c:/mounriver/mounriver_studio/toolchain/risc-v embedded gcc/bin/../lib/gcc/riscv-none-embed/8.2.0/../../../../riscv-none-embed/lib/rv32imacxw/ilp32\libg_nano.a(lib_a-puts.o)
                              ./User/main.o (puts)
c:/mounriver/mounriver_studio/toolchain/risc-v embedded gcc/bin/../lib/gcc/riscv-none-embed/8.2.0/../../../../riscv-none-embed/lib/rv32imacxw/ilp32\libg_nano.a(lib_a-wbuf.o)
                              c:/mounriver/mounriver_studio/toolchain/risc-v embedded gcc/bin/../lib/gcc/riscv-none-embed/8.2.0/../../../../riscv-none-embed/lib/rv32imacxw/ilp32\libg_nano.a(lib_a-puts.o) (__swbuf_r)
c:/mounriver/mounriver_studio/toolchain/risc-v embedded gcc/bin/../lib/gcc/riscv-none-embed/8.2.0/../../../../riscv-none-embed/lib/rv32imacxw/ilp32\libg_nano.a(lib_a-wsetup.o)
                              c:/mounriver/mounriver_studio/toolchain/risc-v embedded gcc/bin/../lib/gcc/riscv-none-embed/8.2.0/../../../../riscv-none-embed/lib/rv32imacxw/ilp32\libg_nano.a(lib_a-puts.o) (__swsetup_r)
c:/mounriver/mounriver_studio/toolchain/risc-v embedded gcc/bin/../lib/gcc/riscv-none-embed/8.2.0/../../../../riscv-none-embed/lib/rv32imacxw/ilp32\libg_nano.a(lib_a-fflush.o)
                              c:/mounriver/mounriver_studio/toolchain/risc-v embedded gcc/bin/../lib/gcc/riscv-none-embed/8.2.0/../../../../riscv-none-embed/lib/rv32imacxw/ilp32\libg_nano.a(lib_a-wbuf.o) (_fflush_r)
c:/mounriver/mounriver_studio/toolchain/risc-v embedded gcc/bin/../lib/gcc/riscv-none-embed/8.2.0/../../../../riscv-none-embed/lib/rv32imacxw/ilp32\libg_nano.a(lib_a-findfp.o)
                              c:/mounriver/mounriver_studio/toolchain/risc-v embedded gcc/bin/../lib/gcc/riscv-none-embed/8.2.0/../../../../riscv-none-embed/lib/rv32imacxw/ilp32\libg_nano.a(lib_a-printf.o) (__sinit)
c:/mounriver/mounriver_studio/toolchain/risc-v embedded gcc/bin/../lib/gcc/riscv-none-embed/8.2.0/../../../../riscv-none-embed/lib/rv32imacxw/ilp32\libg_nano.a(lib_a-fwalk.o)
                              c:/mounriver/mounriver_studio/toolchain/risc-v embedded gcc/bin/../lib/gcc/riscv-none-embed/8.2.0/../../../../riscv-none-embed/lib/rv32imacxw/ilp32\libg_nano.a(lib_a-findfp.o) (_fwalk)
c:/mounriver/mounriver_studio/toolchain/risc-v embedded gcc/bin/../lib/gcc/riscv-none-embed/8.2.0/../../../../riscv-none-embed/lib/rv32imacxw/ilp32\libg_nano.a(lib_a-impure.o)
                              c:/mounriver/mounriver_studio/toolchain/risc-v embedded gcc/bin/../lib/gcc/riscv-none-embed/8.2.0/../../../../riscv-none-embed/lib/rv32imacxw/ilp32\libg_nano.a(lib_a-fflush.o) (_global_impure_ptr)
c:/mounriver/mounriver_studio/toolchain/risc-v embedded gcc/bin/../lib/gcc/riscv-none-embed/8.2.0/../../../../riscv-none-embed/lib/rv32imacxw/ilp32\libg_nano.a(lib_a-makebuf.o)
                              c:/mounriver/mounriver_studio/toolchain/risc-v embedded gcc/bin/../lib/gcc/riscv-none-embed/8.2.0/../../../../riscv-none-embed/lib/rv32imacxw/ilp32\libg_nano.a(lib_a-wsetup.o) (__smakebuf_r)
c:/mounriver/mounriver_studio/toolchain/risc-v embedded gcc/bin/../lib/gcc/riscv-none-embed/8.2.0/../../../../riscv-none-embed/lib/rv32imacxw/ilp32\libg_nano.a(lib_a-memset.o)
                              c:/mounriver/mounriver_studio/toolchain/risc-v embedded gcc/bin/../lib/gcc/riscv-none-embed/8.2.0/../../../../riscv-none-embed/lib/rv32imacxw/ilp32\libg_nano.a(lib_a-findfp.o) (memset)
c:/mounriver/mounriver_studio/toolchain/risc-v embedded gcc/bin/../lib/gcc/riscv-none-embed/8.2.0/../../../../riscv-none-embed/lib/rv32imacxw/ilp32\libg_nano.a(lib_a-nano-freer.o)
                              c:/mounriver/mounriver_studio/toolchain/risc-v embedded gcc/bin/../lib/gcc/riscv-none-embed/8.2.0/../../../../riscv-none-embed/lib/rv32imacxw/ilp32\libg_nano.a(lib_a-wsetup.o) (_free_r)
c:/mounriver/mounriver_studio/toolchain/risc-v embedded gcc/bin/../lib/gcc/riscv-none-embed/8.2.0/../../../../riscv-none-embed/lib/rv32imacxw/ilp32\libg_nano.a(lib_a-nano-mallocr.o)
                              c:/mounriver/mounriver_studio/toolchain/risc-v embedded gcc/bin/../lib/gcc/riscv-none-embed/8.2.0/../../../../riscv-none-embed/lib/rv32imacxw/ilp32\libg_nano.a(lib_a-findfp.o) (_malloc_r)
c:/mounriver/mounriver_studio/toolchain/risc-v embedded gcc/bin/../lib/gcc/riscv-none-embed/8.2.0/../../../../riscv-none-embed/lib/rv32imacxw/ilp32\libg_nano.a(lib_a-nano-vfprintf.o)
[...]
Memory Configuration

Name             Origin             Length             Attributes
FLASH            0x0000000000000000 0x0000000000008000 xr
RAM              0x0000000020000000 0x0000000000002800 xrw
*default*        0x0000000000000000 0xffffffffffffffff

Linker script and memory map

LOAD ./User/IS31FL3731.o
LOAD ./User/ch32v20x_it.o
LOAD ./User/main.o
LOAD ./User/system_ch32v20x.o
LOAD ./Startup/startup_ch32v20x_D6.o
LOAD ./Peripheral/src/ch32v20x_adc.o
LOAD ./Peripheral/src/ch32v20x_bkp.o
LOAD ./Peripheral/src/ch32v20x_can.o
LOAD ./Peripheral/src/ch32v20x_crc.o
LOAD ./Peripheral/src/ch32v20x_dbgmcu.o
LOAD ./Peripheral/src/ch32v20x_dma.o
LOAD ./Peripheral/src/ch32v20x_exti.o
LOAD ./Peripheral/src/ch32v20x_flash.o
LOAD ./Peripheral/src/ch32v20x_gpio.o
LOAD ./Peripheral/src/ch32v20x_i2c.o
LOAD ./Peripheral/src/ch32v20x_iwdg.o
LOAD ./Peripheral/src/ch32v20x_misc.o
LOAD ./Peripheral/src/ch32v20x_opa.o
LOAD ./Peripheral/src/ch32v20x_pwr.o
LOAD ./Peripheral/src/ch32v20x_rcc.o
LOAD ./Peripheral/src/ch32v20x_rtc.o
LOAD ./Peripheral/src/ch32v20x_spi.o
LOAD ./Peripheral/src/ch32v20x_tim.o
LOAD ./Peripheral/src/ch32v20x_usart.o
LOAD ./Peripheral/src/ch32v20x_wwdg.o
LOAD ./Debug/debug.o
LOAD ./Core/core_riscv.o
LOAD c:/mounriver/mounriver_studio/toolchain/risc-v embedded gcc/bin/../lib/gcc/riscv-none-embed/8.2.0/rv32imacxw/ilp32\libgcc.a
LOAD c:/mounriver/mounriver_studio/toolchain/risc-v embedded gcc/bin/../lib/gcc/riscv-none-embed/8.2.0/../../../../riscv-none-embed/lib/rv32imacxw/ilp32\libg_nano.a
LOAD c:/mounriver/mounriver_studio/toolchain/risc-v embedded gcc/bin/../lib/gcc/riscv-none-embed/8.2.0/../../../../riscv-none-embed/lib/rv32imacxw/ilp32\libc_nano.a
LOAD c:/mounriver/mounriver_studio/toolchain/risc-v embedded gcc/bin/../lib/gcc/riscv-none-embed/8.2.0/rv32imacxw/ilp32\libgcc.a
START GROUP
LOAD c:/mounriver/mounriver_studio/toolchain/risc-v embedded gcc/bin/../lib/gcc/riscv-none-embed/8.2.0/rv32imacxw/ilp32\libgcc.a
LOAD c:/mounriver/mounriver_studio/toolchain/risc-v embedded gcc/bin/../lib/gcc/riscv-none-embed/8.2.0/../../../../riscv-none-embed/lib/rv32imacxw/ilp32\libc_nano.a
LOAD c:/mounriver/mounriver_studio/toolchain/risc-v embedded gcc/bin/../lib/gcc/riscv-none-embed/8.2.0/../../../../riscv-none-embed/lib/rv32imacxw/ilp32\libnosys.a
END GROUP
START GROUP
LOAD c:/mounriver/mounriver_studio/toolchain/risc-v embedded gcc/bin/../lib/gcc/riscv-none-embed/8.2.0/rv32imacxw/ilp32\libgcc.a
LOAD c:/mounriver/mounriver_studio/toolchain/risc-v embedded gcc/bin/../lib/gcc/riscv-none-embed/8.2.0/../../../../riscv-none-embed/lib/rv32imacxw/ilp32\libc_nano.a
LOAD c:/mounriver/mounriver_studio/toolchain/risc-v embedded gcc/bin/../lib/gcc/riscv-none-embed/8.2.0/../../../../riscv-none-embed/lib/rv32imacxw/ilp32\libnosys.a
END GROUP
                0x0000000000000800                __stack_size = 0x800
                [!provide]                        PROVIDE (_stack_size = __stack_size)

.init           0x0000000000000000       0x38
                0x0000000000000000                _sinit = .
                0x0000000000000000                . = ALIGN (0x4)
 *(SORT_NONE(.init))
 .init          0x0000000000000000       0x38 ./Startup/startup_ch32v20x_D6.o
                0x0000000000000000                _start
                0x0000000000000038                . = ALIGN (0x4)
                0x0000000000000038                _einit = .

.vector         0x0000000000000038      0x108
 *(.vector)
 .vector        0x0000000000000038       0xfc ./Startup/startup_ch32v20x_D6.o
                0x0000000000000140                . = ALIGN (0x40)
 *fill*         0x0000000000000134        0xc 

.text           0x0000000000000140     0x2558
                0x0000000000000140                . = ALIGN (0x4)
 *(.text)
 .text          0x0000000000000140       0x60 c:/mounriver/mounriver_studio/toolchain/risc-v embedded gcc/bin/../lib/gcc/riscv-none-embed/8.2.0/rv32imacxw/ilp32\libgcc.a(save-restore.o)
                0x0000000000000140                __riscv_save_12
                0x0000000000000148                __riscv_save_9
                0x0000000000000148                __riscv_save_11
                0x0000000000000148                __riscv_save_10
                0x0000000000000148                __riscv_save_8
                0x0000000000000156                __riscv_save_4
                0x0000000000000156                __riscv_save_6
                0x0000000000000156                __riscv_save_5
                0x0000000000000156                __riscv_save_7
                0x0000000000000170                __riscv_save_3
                0x0000000000000170                __riscv_save_2
                0x0000000000000170                __riscv_save_1
                0x0000000000000170                __riscv_save_0
                0x000000000000017c                __riscv_restore_12
                0x0000000000000180                __riscv_restore_11
                0x0000000000000180                __riscv_restore_9
                0x0000000000000180                __riscv_restore_10
                0x0000000000000180                __riscv_restore_8
                0x000000000000018a                __riscv_restore_5
                0x000000000000018a                __riscv_restore_7
                0x000000000000018a                __riscv_restore_6
                0x000000000000018a                __riscv_restore_4
                0x0000000000000194                __riscv_restore_3
                0x0000000000000194                __riscv_restore_0
                0x0000000000000194                __riscv_restore_2
                0x0000000000000194                __riscv_restore_1
 .text          0x00000000000001a0       0xa8 c:/mounriver/mounriver_studio/toolchain/risc-v embedded gcc/bin/../lib/gcc/riscv-none-embed/8.2.0/../../../../riscv-none-embed/lib/rv32imacxw/ilp32\libg_nano.a(lib_a-memset.o)
                0x00000000000001a0                memset
 *(.text.*)
 .text.font_init
                0x0000000000000248       0x2a ./User/IS31FL3731.o
                0x0000000000000248                font_init
 .text.IS31FL3731_begin
                0x0000000000000272       0x96 ./User/IS31FL3731.o
                0x0000000000000272                IS31FL3731_begin
 .text.I2C_write
                0x0000000000000308       0xda ./User/IS31FL3731.o
                0x0000000000000308                I2C_write
 .text.IS31FL3731_selectRegPage
                0x00000000000003e2       0x36 ./User/IS31FL3731.o
                0x00000000000003e2                IS31FL3731_selectRegPage
 .text.IS31FL3731_writeFuncReg
                0x0000000000000418       0x2e ./User/IS31FL3731.o
                0x0000000000000418                IS31FL3731_writeFuncReg
 .text.IS31FL3731_clearFrame
                0x0000000000000446       0x7e ./User/IS31FL3731.o
                0x0000000000000446                IS31FL3731_clearFrame
 .text.IS31FL3731_setBufPixel
                0x00000000000004c4       0x38 ./User/IS31FL3731.o
                0x00000000000004c4                IS31FL3731_setBufPixel
 .text.IS31FL3731_setBufChar
                0x00000000000004fc       0x9c ./User/IS31FL3731.o
                0x00000000000004fc                IS31FL3731_setBufChar
 .text.IS31FL3731_setBufPrint
                0x0000000000000598       0x4c ./User/IS31FL3731.o
                0x0000000000000598                IS31FL3731_setBufPrint
 .text.IS31FL3731_writePixelsToFrame
                0x00000000000005e4       0xc2 ./User/IS31FL3731.o
                0x00000000000005e4                IS31FL3731_writePixelsToFrame
 .text.NMI_Handler
                0x00000000000006a6        0x4 ./User/ch32v20x_it.o
                0x00000000000006a6                NMI_Handler
 .text.HardFault_Handler
                0x00000000000006aa        0x2 ./User/ch32v20x_it.o
                0x00000000000006aa                HardFault_Handler
 .text.GPIO_Toggle_INIT
                0x00000000000006ac       0x4a ./User/main.o
                0x00000000000006ac                GPIO_Toggle_INIT
 .text.startup.main
                0x00000000000006f6      0x1ba ./User/main.o
                0x00000000000006f6                main
 .text.SystemInit
                0x00000000000008b0       0xa8 ./User/system_ch32v20x.o
                0x00000000000008b0                SystemInit
 .text.SystemCoreClockUpdate
                0x0000000000000958       0x8e ./User/system_ch32v20x.o
                0x0000000000000958                SystemCoreClockUpdate
 .text.vector_handler
                0x00000000000009e6       0x6c ./Startup/startup_ch32v20x_D6.o
                0x00000000000009ea                Ecall_M_Mode_Handler
                0x00000000000009ec                Ecall_U_Mode_Handler
                0x00000000000009ee                Break_Point_Handler
                0x00000000000009f0                SysTick_Handler
                0x00000000000009f2                SW_Handler
                0x00000000000009f4                WWDG_IRQHandler
                0x00000000000009f6                PVD_IRQHandler
                0x00000000000009f8                TAMPER_IRQHandler
                0x00000000000009fa                RTC_IRQHandler
                0x00000000000009fc                FLASH_IRQHandler
                0x00000000000009fe                RCC_IRQHandler
                0x0000000000000a00                EXTI0_IRQHandler
                0x0000000000000a02                EXTI1_IRQHandler
                0x0000000000000a04                EXTI2_IRQHandler
                0x0000000000000a06                EXTI3_IRQHandler
                0x0000000000000a08                EXTI4_IRQHandler
                0x0000000000000a0a                DMA1_Channel1_IRQHandler
                0x0000000000000a0c                DMA1_Channel2_IRQHandler
                0x0000000000000a0e                DMA1_Channel3_IRQHandler
                0x0000000000000a10                DMA1_Channel4_IRQHandler
                0x0000000000000a12                DMA1_Channel5_IRQHandler
                0x0000000000000a14                DMA1_Channel6_IRQHandler
                0x0000000000000a16                DMA1_Channel7_IRQHandler
                0x0000000000000a18                ADC1_2_IRQHandler
                0x0000000000000a1a                USB_HP_CAN1_TX_IRQHandler
                0x0000000000000a1c                USB_LP_CAN1_RX0_IRQHandler
                0x0000000000000a1e                CAN1_RX1_IRQHandler
                0x0000000000000a20                CAN1_SCE_IRQHandler
                0x0000000000000a22                EXTI9_5_IRQHandler
                0x0000000000000a24                TIM1_BRK_IRQHandler
                0x0000000000000a26                TIM1_UP_IRQHandler
                0x0000000000000a28                TIM1_TRG_COM_IRQHandler
                0x0000000000000a2a                TIM1_CC_IRQHandler
                0x0000000000000a2c                TIM2_IRQHandler
                0x0000000000000a2e                TIM3_IRQHandler
                0x0000000000000a30                TIM4_IRQHandler
                0x0000000000000a32                I2C1_EV_IRQHandler
                0x0000000000000a34                I2C1_ER_IRQHandler
                0x0000000000000a36                I2C2_EV_IRQHandler
                0x0000000000000a38                I2C2_ER_IRQHandler
                0x0000000000000a3a                SPI1_IRQHandler
                0x0000000000000a3c                SPI2_IRQHandler
                0x0000000000000a3e                USART1_IRQHandler
                0x0000000000000a40                USART2_IRQHandler
                0x0000000000000a42                USART3_IRQHandler
                0x0000000000000a44                EXTI15_10_IRQHandler
                0x0000000000000a46                RTCAlarm_IRQHandler
                0x0000000000000a48                USBWakeUp_IRQHandler
                0x0000000000000a4a                USBHD_IRQHandler
                0x0000000000000a4c                USBHDWakeUp_IRQHandler
                0x0000000000000a4e                UART4_IRQHandler
                0x0000000000000a50                DMA1_Channel8_IRQHandler
 .text.handle_reset
                0x0000000000000a52       0x8a ./Startup/startup_ch32v20x_D6.o
                0x0000000000000a52                handle_reset
 .text.DBGMCU_GetCHIPID
                0x0000000000000adc        0xa ./Peripheral/src/ch32v20x_dbgmcu.o
                0x0000000000000adc                DBGMCU_GetCHIPID
 .text.GPIO_Init
                0x0000000000000ae6       0xf2 ./Peripheral/src/ch32v20x_gpio.o
                0x0000000000000ae6                GPIO_Init
 .text.GPIO_WriteBit
                0x0000000000000bd8       0x1a ./Peripheral/src/ch32v20x_gpio.o
                0x0000000000000bd8                GPIO_WriteBit
 .text.I2C_Init
                0x0000000000000bf2       0xf2 ./Peripheral/src/ch32v20x_i2c.o
                0x0000000000000bf2                I2C_Init
 .text.I2C_Cmd  0x0000000000000ce4       0x18 ./Peripheral/src/ch32v20x_i2c.o
                0x0000000000000ce4                I2C_Cmd
 .text.I2C_GenerateSTART
                0x0000000000000cfc       0x1a ./Peripheral/src/ch32v20x_i2c.o
                0x0000000000000cfc                I2C_GenerateSTART
 .text.I2C_GenerateSTOP
                0x0000000000000d16       0x1a ./Peripheral/src/ch32v20x_i2c.o
                0x0000000000000d16                I2C_GenerateSTOP
 .text.I2C_AcknowledgeConfig
                0x0000000000000d30       0x1a ./Peripheral/src/ch32v20x_i2c.o
                0x0000000000000d30                I2C_AcknowledgeConfig
 .text.I2C_SendData
                0x0000000000000d4a        0x4 ./Peripheral/src/ch32v20x_i2c.o
                0x0000000000000d4a                I2C_SendData
 .text.I2C_Send7bitAddress
                0x0000000000000d4e       0x12 ./Peripheral/src/ch32v20x_i2c.o
                0x0000000000000d4e                I2C_Send7bitAddress
 .text.I2C_CheckEvent
                0x0000000000000d60       0x16 ./Peripheral/src/ch32v20x_i2c.o
                0x0000000000000d60                I2C_CheckEvent
 .text.I2C_GetFlagStatus
                0x0000000000000d76       0x32 ./Peripheral/src/ch32v20x_i2c.o
                0x0000000000000d76                I2C_GetFlagStatus
 .text.NVIC_PriorityGroupConfig
                0x0000000000000da8        0x6 ./Peripheral/src/ch32v20x_misc.o
                0x0000000000000da8                NVIC_PriorityGroupConfig
 .text.RCC_GetClocksFreq
                0x0000000000000dae       0xbe ./Peripheral/src/ch32v20x_rcc.o
                0x0000000000000dae                RCC_GetClocksFreq
 .text.RCC_APB2PeriphClockCmd
                0x0000000000000e6c       0x1e ./Peripheral/src/ch32v20x_rcc.o
                0x0000000000000e6c                RCC_APB2PeriphClockCmd
 .text.RCC_APB1PeriphClockCmd
                0x0000000000000e8a       0x1e ./Peripheral/src/ch32v20x_rcc.o
                0x0000000000000e8a                RCC_APB1PeriphClockCmd
 .text.USART_Init
                0x0000000000000ea8       0xba ./Peripheral/src/ch32v20x_usart.o
                0x0000000000000ea8                USART_Init
 .text.USART_Cmd
                0x0000000000000f62       0x16 ./Peripheral/src/ch32v20x_usart.o
                0x0000000000000f62                USART_Cmd
 .text.USART_SendData
                0x0000000000000f78        0x8 ./Peripheral/src/ch32v20x_usart.o
                0x0000000000000f78                USART_SendData
 .text.USART_GetFlagStatus
                0x0000000000000f80        0xa ./Peripheral/src/ch32v20x_usart.o
                0x0000000000000f80                USART_GetFlagStatus
 .text.Delay_Init
                0x0000000000000f8a       0x2a ./Debug/debug.o
                0x0000000000000f8a                Delay_Init
 .text.Delay_Us
                0x0000000000000fb4       0x36 ./Debug/debug.o
                0x0000000000000fb4                Delay_Us
 .text.Delay_Ms
                0x0000000000000fea       0x36 ./Debug/debug.o
                0x0000000000000fea                Delay_Ms
 .text.USART_Printf_Init
                0x0000000000001020       0x52 ./Debug/debug.o
                0x0000000000001020                USART_Printf_Init
 .text._write   0x0000000000001072       0x3a ./Debug/debug.o
                0x0000000000001072                _write
 .text._sbrk    0x00000000000010ac       0x2a ./Debug/debug.o
                0x00000000000010ac                _sbrk
 .text.printf   0x00000000000010d6       0x40 c:/mounriver/mounriver_studio/toolchain/risc-v embedded gcc/bin/../lib/gcc/riscv-none-embed/8.2.0/../../../../riscv-none-embed/lib/rv32imacxw/ilp32\libg_nano.a(lib_a-printf.o)
                0x00000000000010d6                iprintf
                0x00000000000010d6                printf
 .text._puts_r  0x0000000000001116       0xd4 c:/mounriver/mounriver_studio/toolchain/risc-v embedded gcc/bin/../lib/gcc/riscv-none-embed/8.2.0/../../../../riscv-none-embed/lib/rv32imacxw/ilp32\libg_nano.a(lib_a-puts.o)
                0x0000000000001116                _puts_r
 .text.puts     0x00000000000011ea        0xa c:/mounriver/mounriver_studio/toolchain/risc-v embedded gcc/bin/../lib/gcc/riscv-none-embed/8.2.0/../../../../riscv-none-embed/lib/rv32imacxw/ilp32\libg_nano.a(lib_a-puts.o)
                0x00000000000011ea                puts
 .text.__swbuf_r
                0x00000000000011f4       0xbc c:/mounriver/mounriver_studio/toolchain/risc-v embedded gcc/bin/../lib/gcc/riscv-none-embed/8.2.0/../../../../riscv-none-embed/lib/rv32imacxw/ilp32\libg_nano.a(lib_a-wbuf.o)
                0x00000000000011f4                __swbuf_r
 .text.__swsetup_r
                0x00000000000012b0       0xfc c:/mounriver/mounriver_studio/toolchain/risc-v embedded gcc/bin/../lib/gcc/riscv-none-embed/8.2.0/../../../../riscv-none-embed/lib/rv32imacxw/ilp32\libg_nano.a(lib_a-wsetup.o)
                0x00000000000012b0                __swsetup_r
 .text.__sflush_r
                0x00000000000013ac      0x130 c:/mounriver/mounriver_studio/toolchain/risc-v embedded gcc/bin/../lib/gcc/riscv-none-embed/8.2.0/../../../../riscv-none-embed/lib/rv32imacxw/ilp32\libg_nano.a(lib_a-fflush.o)
                0x00000000000013ac                __sflush_r
 .text._fflush_r
                0x00000000000014dc       0x64 c:/mounriver/mounriver_studio/toolchain/risc-v embedded gcc/bin/../lib/gcc/riscv-none-embed/8.2.0/../../../../riscv-none-embed/lib/rv32imacxw/ilp32\libg_nano.a(lib_a-fflush.o)
                0x00000000000014dc                _fflush_r
 .text.std      0x0000000000001540       0x66 c:/mounriver/mounriver_studio/toolchain/risc-v embedded gcc/bin/../lib/gcc/riscv-none-embed/8.2.0/../../../../riscv-none-embed/lib/rv32imacxw/ilp32\libg_nano.a(lib_a-findfp.o)
 .text._cleanup_r
                0x00000000000015a6        0xa c:/mounriver/mounriver_studio/toolchain/risc-v embedded gcc/bin/../lib/gcc/riscv-none-embed/8.2.0/../../../../riscv-none-embed/lib/rv32imacxw/ilp32\libg_nano.a(lib_a-findfp.o)
                0x00000000000015a6                _cleanup_r
 .text.__sfmoreglue
                0x00000000000015b0       0x46 c:/mounriver/mounriver_studio/toolchain/risc-v embedded gcc/bin/../lib/gcc/riscv-none-embed/8.2.0/../../../../riscv-none-embed/lib/rv32imacxw/ilp32\libg_nano.a(lib_a-findfp.o)
                0x00000000000015b0                __sfmoreglue
 .text.__sinit  0x00000000000015f6       0x66 c:/mounriver/mounriver_studio/toolchain/risc-v embedded gcc/bin/../lib/gcc/riscv-none-embed/8.2.0/../../../../riscv-none-embed/lib/rv32imacxw/ilp32\libg_nano.a(lib_a-findfp.o)
                0x00000000000015f6                __sinit
 .text.__sfp    0x000000000000165c       0x9c c:/mounriver/mounriver_studio/toolchain/risc-v embedded gcc/bin/../lib/gcc/riscv-none-embed/8.2.0/../../../../riscv-none-embed/lib/rv32imacxw/ilp32\libg_nano.a(lib_a-findfp.o)
                0x000000000000165c                __sfp
 .text._fwalk_reent
                0x00000000000016f8       0x6a c:/mounriver/mounriver_studio/toolchain/risc-v embedded gcc/bin/../lib/gcc/riscv-none-embed/8.2.0/../../../../riscv-none-embed/lib/rv32imacxw/ilp32\libg_nano.a(lib_a-fwalk.o)
                0x00000000000016f8                _fwalk_reent
 .text.__swhatbuf_r
                0x0000000000001762       0x58 c:/mounriver/mounriver_studio/toolchain/risc-v embedded gcc/bin/../lib/gcc/riscv-none-embed/8.2.0/../../../../riscv-none-embed/lib/rv32imacxw/ilp32\libg_nano.a(lib_a-makebuf.o)
                0x0000000000001762                __swhatbuf_r
 .text.__smakebuf_r
                0x00000000000017ba       0x90 c:/mounriver/mounriver_studio/toolchain/risc-v embedded gcc/bin/../lib/gcc/riscv-none-embed/8.2.0/../../../../riscv-none-embed/lib/rv32imacxw/ilp32\libg_nano.a(lib_a-makebuf.o)
                0x00000000000017ba                __smakebuf_r
 .text._free_r  0x000000000000184a       0xa8 c:/mounriver/mounriver_studio/toolchain/risc-v embedded gcc/bin/../lib/gcc/riscv-none-embed/8.2.0/../../../../riscv-none-embed/lib/rv32imacxw/ilp32\libg_nano.a(lib_a-nano-freer.o)
                0x000000000000184a                _free_r
 .text._malloc_r
                0x00000000000018f2       0xd4 c:/mounriver/mounriver_studio/toolchain/risc-v embedded gcc/bin/../lib/gcc/riscv-none-embed/8.2.0/../../../../riscv-none-embed/lib/rv32imacxw/ilp32\libg_nano.a(lib_a-nano-mallocr.o)
                0x00000000000018f2                _malloc_r
 .text.__sfputc_r
                0x00000000000019c6       0x28 c:/mounriver/mounriver_studio/toolchain/risc-v embedded gcc/bin/../lib/gcc/riscv-none-embed/8.2.0/../../../../riscv-none-embed/lib/rv32imacxw/ilp32\libg_nano.a(lib_a-nano-vfprintf.o)
 .text.__sfputs_r
                0x00000000000019ee       0x40 c:/mounriver/mounriver_studio/toolchain/risc-v embedded gcc/bin/../lib/gcc/riscv-none-embed/8.2.0/../../../../riscv-none-embed/lib/rv32imacxw/ilp32\libg_nano.a(lib_a-nano-vfprintf.o)
                0x00000000000019ee                __sfputs_r
 .text._vfprintf_r
                0x0000000000001a2e      0x284 c:/mounriver/mounriver_studio/toolchain/risc-v embedded gcc/bin/../lib/gcc/riscv-none-embed/8.2.0/../../../../riscv-none-embed/lib/rv32imacxw/ilp32\libg_nano.a(lib_a-nano-vfprintf.o)
                0x0000000000001a2e                _vfprintf_r
                0x0000000000001a2e                _vfiprintf_r
 .text._printf_common
                0x0000000000001cb2      0x10c c:/mounriver/mounriver_studio/toolchain/risc-v embedded gcc/bin/../lib/gcc/riscv-none-embed/8.2.0/../../../../riscv-none-embed/lib/rv32imacxw/ilp32\libg_nano.a(lib_a-nano-vfprintf_i.o)
                0x0000000000001cb2                _printf_common
 .text._printf_i
                0x0000000000001dbe      0x2a0 c:/mounriver/mounriver_studio/toolchain/risc-v embedded gcc/bin/../lib/gcc/riscv-none-embed/8.2.0/../../../../riscv-none-embed/lib/rv32imacxw/ilp32\libg_nano.a(lib_a-nano-vfprintf_i.o)
                0x0000000000001dbe                _printf_i
 .text._sbrk_r  0x000000000000205e       0x32 c:/mounriver/mounriver_studio/toolchain/risc-v embedded gcc/bin/../lib/gcc/riscv-none-embed/8.2.0/../../../../riscv-none-embed/lib/rv32imacxw/ilp32\libg_nano.a(lib_a-sbrkr.o)
                0x000000000000205e                _sbrk_r
 .text.__sread  0x0000000000002090       0x2c c:/mounriver/mounriver_studio/toolchain/risc-v embedded gcc/bin/../lib/gcc/riscv-none-embed/8.2.0/../../../../riscv-none-embed/lib/rv32imacxw/ilp32\libg_nano.a(lib_a-stdio.o)
                0x0000000000002090                __sread
 .text.__swrite
                0x00000000000020bc       0x48 c:/mounriver/mounriver_studio/toolchain/risc-v embedded gcc/bin/../lib/gcc/riscv-none-embed/8.2.0/../../../../riscv-none-embed/lib/rv32imacxw/ilp32\libg_nano.a(lib_a-stdio.o)
                0x00000000000020bc                __swrite
 .text.__sseek  0x0000000000002104       0x30 c:/mounriver/mounriver_studio/toolchain/risc-v embedded gcc/bin/../lib/gcc/riscv-none-embed/8.2.0/../../../../riscv-none-embed/lib/rv32imacxw/ilp32\libg_nano.a(lib_a-stdio.o)
                0x0000000000002104                __sseek
 .text.__sclose
                0x0000000000002134        0x6 c:/mounriver/mounriver_studio/toolchain/risc-v embedded gcc/bin/../lib/gcc/riscv-none-embed/8.2.0/../../../../riscv-none-embed/lib/rv32imacxw/ilp32\libg_nano.a(lib_a-stdio.o)
                0x0000000000002134                __sclose
 .text._write_r
                0x000000000000213a       0x36 c:/mounriver/mounriver_studio/toolchain/risc-v embedded gcc/bin/../lib/gcc/riscv-none-embed/8.2.0/../../../../riscv-none-embed/lib/rv32imacxw/ilp32\libg_nano.a(lib_a-writer.o)
                0x000000000000213a                _write_r
 .text._close_r
                0x0000000000002170       0x30 c:/mounriver/mounriver_studio/toolchain/risc-v embedded gcc/bin/../lib/gcc/riscv-none-embed/8.2.0/../../../../riscv-none-embed/lib/rv32imacxw/ilp32\libg_nano.a(lib_a-closer.o)
                0x0000000000002170                _close_r
 .text._fstat_r
                0x00000000000021a0       0x32 c:/mounriver/mounriver_studio/toolchain/risc-v embedded gcc/bin/../lib/gcc/riscv-none-embed/8.2.0/../../../../riscv-none-embed/lib/rv32imacxw/ilp32\libg_nano.a(lib_a-fstatr.o)
                0x00000000000021a0                _fstat_r
 .text._isatty_r
                0x00000000000021d2       0x30 c:/mounriver/mounriver_studio/toolchain/risc-v embedded gcc/bin/../lib/gcc/riscv-none-embed/8.2.0/../../../../riscv-none-embed/lib/rv32imacxw/ilp32\libg_nano.a(lib_a-isattyr.o)
                0x00000000000021d2                _isatty_r
 .text._lseek_r
                0x0000000000002202       0x34 c:/mounriver/mounriver_studio/toolchain/risc-v embedded gcc/bin/../lib/gcc/riscv-none-embed/8.2.0/../../../../riscv-none-embed/lib/rv32imacxw/ilp32\libg_nano.a(lib_a-lseekr.o)
                0x0000000000002202                _lseek_r
 .text.memchr   0x0000000000002236       0x18 c:/mounriver/mounriver_studio/toolchain/risc-v embedded gcc/bin/../lib/gcc/riscv-none-embed/8.2.0/../../../../riscv-none-embed/lib/rv32imacxw/ilp32\libg_nano.a(lib_a-memchr.o)
                0x0000000000002236                memchr
 .text.__malloc_lock
                0x000000000000224e        0x2 c:/mounriver/mounriver_studio/toolchain/risc-v embedded gcc/bin/../lib/gcc/riscv-none-embed/8.2.0/../../../../riscv-none-embed/lib/rv32imacxw/ilp32\libg_nano.a(lib_a-mlock.o)
                0x000000000000224e                __malloc_lock
 .text.__malloc_unlock
                0x0000000000002250        0x2 c:/mounriver/mounriver_studio/toolchain/risc-v embedded gcc/bin/../lib/gcc/riscv-none-embed/8.2.0/../../../../riscv-none-embed/lib/rv32imacxw/ilp32\libg_nano.a(lib_a-mlock.o)
                0x0000000000002250                __malloc_unlock
 .text._read_r  0x0000000000002252       0x34 c:/mounriver/mounriver_studio/toolchain/risc-v embedded gcc/bin/../lib/gcc/riscv-none-embed/8.2.0/../../../../riscv-none-embed/lib/rv32imacxw/ilp32\libg_nano.a(lib_a-readr.o)
                0x0000000000002252                _read_r
 .text._close   0x0000000000002286       0x10 c:/mounriver/mounriver_studio/toolchain/risc-v embedded gcc/bin/../lib/gcc/riscv-none-embed/8.2.0/../../../../riscv-none-embed/lib/rv32imacxw/ilp32\libnosys.a(close.o)
                0x0000000000002286                _close
 .text._fstat   0x0000000000002296       0x10 c:/mounriver/mounriver_studio/toolchain/risc-v embedded gcc/bin/../lib/gcc/riscv-none-embed/8.2.0/../../../../riscv-none-embed/lib/rv32imacxw/ilp32\libnosys.a(fstat.o)
                0x0000000000002296                _fstat
 .text._isatty  0x00000000000022a6       0x10 c:/mounriver/mounriver_studio/toolchain/risc-v embedded gcc/bin/../lib/gcc/riscv-none-embed/8.2.0/../../../../riscv-none-embed/lib/rv32imacxw/ilp32\libnosys.a(isatty.o)
                0x00000000000022a6                _isatty
 .text._lseek   0x00000000000022b6       0x10 c:/mounriver/mounriver_studio/toolchain/risc-v embedded gcc/bin/../lib/gcc/riscv-none-embed/8.2.0/../../../../riscv-none-embed/lib/rv32imacxw/ilp32\libnosys.a(lseek.o)
                0x00000000000022b6                _lseek
 .text._read    0x00000000000022c6       0x10 c:/mounriver/mounriver_studio/toolchain/risc-v embedded gcc/bin/../lib/gcc/riscv-none-embed/8.2.0/../../../../riscv-none-embed/lib/rv32imacxw/ilp32\libnosys.a(read.o)
                0x00000000000022c6                _read
 *(.rodata)
 *(.rodata*)
 *fill*         0x00000000000022d6        0x2 
 .rodata.font_band
                0x00000000000022d8      0x200 ./User/IS31FL3731.o
                0x00000000000022d8                font_band
 .rodata.font_width
                0x00000000000024d8       0x80 ./User/IS31FL3731.o
                0x00000000000024d8                font_width
 .rodata.matrix_table
                0x0000000000002558       0x46 ./User/IS31FL3731.o
                0x0000000000002558                matrix_table
 *fill*         0x000000000000259e        0x2 
 .rodata.main.str1.4
                0x00000000000025a0       0x59 ./User/main.o
 *fill*         0x00000000000025f9        0x3 
 .rodata.__sf_fake_stderr
                0x00000000000025fc       0x20 c:/mounriver/mounriver_studio/toolchain/risc-v embedded gcc/bin/../lib/gcc/riscv-none-embed/8.2.0/../../../../riscv-none-embed/lib/rv32imacxw/ilp32\libg_nano.a(lib_a-findfp.o)
                0x00000000000025fc                __sf_fake_stderr
 .rodata.__sf_fake_stdin
                0x000000000000261c       0x20 c:/mounriver/mounriver_studio/toolchain/risc-v embedded gcc/bin/../lib/gcc/riscv-none-embed/8.2.0/../../../../riscv-none-embed/lib/rv32imacxw/ilp32\libg_nano.a(lib_a-findfp.o)
                0x000000000000261c                __sf_fake_stdin
 .rodata.__sf_fake_stdout
                0x000000000000263c       0x20 c:/mounriver/mounriver_studio/toolchain/risc-v embedded gcc/bin/../lib/gcc/riscv-none-embed/8.2.0/../../../../riscv-none-embed/lib/rv32imacxw/ilp32\libg_nano.a(lib_a-findfp.o)
                0x000000000000263c                __sf_fake_stdout
 .rodata._vfprintf_r.str1.4
                0x000000000000265c       0x13 c:/mounriver/mounriver_studio/toolchain/risc-v embedded gcc/bin/../lib/gcc/riscv-none-embed/8.2.0/../../../../riscv-none-embed/lib/rv32imacxw/ilp32\libg_nano.a(lib_a-nano-vfprintf.o)
 *fill*         0x000000000000266f        0x1 
 .rodata._printf_i.str1.4
                0x0000000000002670       0x28 c:/mounriver/mounriver_studio/toolchain/risc-v embedded gcc/bin/../lib/gcc/riscv-none-embed/8.2.0/../../../../riscv-none-embed/lib/rv32imacxw/ilp32\libg_nano.a(lib_a-nano-vfprintf_i.o)
                                         0x25 (size before relaxing)
 *(.gnu.linkonce.t.*)
                0x0000000000002698                . = ALIGN (0x4)

.rela.dyn       0x0000000000002698        0x0
 .rela.init     0x0000000000002698        0x0 ./User/IS31FL3731.o
 .rela.vector   0x0000000000002698        0x0 ./User/IS31FL3731.o
 .rela.text.handle_reset
                0x0000000000002698        0x0 ./User/IS31FL3731.o
 .rela.text._sbrk
                0x0000000000002698        0x0 ./User/IS31FL3731.o
 .rela.sdata.curbrk.4664
                0x0000000000002698        0x0 ./User/IS31FL3731.o
 .rela.text._vfprintf_r
                0x0000000000002698        0x0 ./User/IS31FL3731.o
 .rela.text._sbrk_r
                0x0000000000002698        0x0 ./User/IS31FL3731.o
 .rela.text._write_r
                0x0000000000002698        0x0 ./User/IS31FL3731.o
 .rela.text._close_r
                0x0000000000002698        0x0 ./User/IS31FL3731.o
 .rela.text._fstat_r
                0x0000000000002698        0x0 ./User/IS31FL3731.o
 .rela.text._isatty_r
                0x0000000000002698        0x0 ./User/IS31FL3731.o
 .rela.text._lseek_r
                0x0000000000002698        0x0 ./User/IS31FL3731.o
 .rela.text._read_r
                0x0000000000002698        0x0 ./User/IS31FL3731.o
 .rela.text._close
                0x0000000000002698        0x0 ./User/IS31FL3731.o
 .rela.text._fstat
                0x0000000000002698        0x0 ./User/IS31FL3731.o
 .rela.text._isatty
                0x0000000000002698        0x0 ./User/IS31FL3731.o
 .rela.text._lseek
                0x0000000000002698        0x0 ./User/IS31FL3731.o
 .rela.text._read
                0x0000000000002698        0x0 ./User/IS31FL3731.o

.fini           0x0000000000002698        0x0
 *(SORT_NONE(.fini))
                0x0000000000002698                . = ALIGN (0x4)
                [!provide]                        PROVIDE (_etext = .)
                [!provide]                        PROVIDE (_eitcm = .)

.preinit_array  0x0000000000002698        0x0
                [!provide]                        PROVIDE (__preinit_array_start = .)
 *(.preinit_array)
                [!provide]                        PROVIDE (__preinit_array_end = .)

.init_array     0x0000000000002698        0x0
                [!provide]                        PROVIDE (__init_array_start = .)
 *(SORT_BY_INIT_PRIORITY(.init_array.*) SORT_BY_INIT_PRIORITY(.ctors.*))
 *(.init_array EXCLUDE_FILE(*crtend?.o *crtend.o *crtbegin?.o *crtbegin.o) .ctors)
                [!provide]                        PROVIDE (__init_array_end = .)

.fini_array     0x0000000000002698        0x0
                [!provide]                        PROVIDE (__fini_array_start = .)
 *(SORT_BY_INIT_PRIORITY(.fini_array.*) SORT_BY_INIT_PRIORITY(.dtors.*))
 *(.fini_array EXCLUDE_FILE(*crtend?.o *crtend.o *crtbegin?.o *crtbegin.o) .dtors)
                [!provide]                        PROVIDE (__fini_array_end = .)

.ctors
 *crtbegin.o(.ctors)
 *crtbegin?.o(.ctors)
 *(EXCLUDE_FILE(*crtend?.o *crtend.o) .ctors)
 *(SORT_BY_NAME(.ctors.*))
 *(.ctors)

.dtors
 *crtbegin.o(.dtors)
 *crtbegin?.o(.dtors)
 *(EXCLUDE_FILE(*crtend?.o *crtend.o) .dtors)
 *(SORT_BY_NAME(.dtors.*))
 *(.dtors)

.dalign         0x0000000020000000        0x0 load address 0x0000000000002698
                0x0000000020000000                . = ALIGN (0x4)
                0x0000000020000000                PROVIDE (_data_vma = .)

.dlalign        0x0000000000002698        0x0
                0x0000000000002698                . = ALIGN (0x4)
                0x0000000000002698                PROVIDE (_data_lma = .)

.data           0x0000000020000000       0x98 load address 0x0000000000002698
 *(.gnu.linkonce.r.*)
 *(.data .data.*)
 .data.AHBPrescTable
                0x0000000020000000       0x10 ./User/system_ch32v20x.o
                0x0000000020000000                AHBPrescTable
 .data.APBAHBPrescTable
                0x0000000020000010       0x10 ./Peripheral/src/ch32v20x_rcc.o
 .data.impure_data
                0x0000000020000020       0x60 c:/mounriver/mounriver_studio/toolchain/risc-v embedded gcc/bin/../lib/gcc/riscv-none-embed/8.2.0/../../../../riscv-none-embed/lib/rv32imacxw/ilp32\libg_nano.a(lib_a-impure.o)
 *(.gnu.linkonce.d.*)
                0x0000000020000080                . = ALIGN (0x8)
                0x0000000020000880                PROVIDE (__global_pointer$ = (. + 0x800))
 *(.sdata .sdata.*)
 .sdata.page_now
                0x0000000020000080        0x1 ./User/IS31FL3731.o
                0x0000000020000080                page_now
 *fill*         0x0000000020000081        0x3 
 .sdata.SystemCoreClock
                0x0000000020000084        0x4 ./User/system_ch32v20x.o
                0x0000000020000084                SystemCoreClock
 .sdata.ADCPrescTable
                0x0000000020000088        0x4 ./Peripheral/src/ch32v20x_rcc.o
 .sdata.curbrk.4664
                0x000000002000008c        0x4 ./Debug/debug.o
 .sdata._impure_ptr
                0x0000000020000090        0x4 c:/mounriver/mounriver_studio/toolchain/risc-v embedded gcc/bin/../lib/gcc/riscv-none-embed/8.2.0/../../../../riscv-none-embed/lib/rv32imacxw/ilp32\libg_nano.a(lib_a-impure.o)
                0x0000000020000090                _impure_ptr
 *(.sdata2.*)
 .sdata2._global_impure_ptr
                0x0000000020000094        0x4 c:/mounriver/mounriver_studio/toolchain/risc-v embedded gcc/bin/../lib/gcc/riscv-none-embed/8.2.0/../../../../riscv-none-embed/lib/rv32imacxw/ilp32\libg_nano.a(lib_a-impure.o)
                0x0000000020000094                _global_impure_ptr
 *(.gnu.linkonce.s.*)
                0x0000000020000098                . = ALIGN (0x8)
 *(.srodata.cst16)
 *(.srodata.cst8)
 *(.srodata.cst4)
 *(.srodata.cst2)
 *(.srodata .srodata.*)
                0x0000000020000098                . = ALIGN (0x4)
                0x0000000020000098                PROVIDE (_edata = .)

.bss            0x0000000020000098     0x1888 load address 0x0000000000002730
                0x0000000020000098                . = ALIGN (0x4)
                0x0000000020000098                PROVIDE (_sbss = .)
 *(.sbss*)
 .sbss.font_ptr_set_flag
                0x0000000020000098        0x1 ./User/IS31FL3731.o
                0x0000000020000098                font_ptr_set_flag
 .sbss.MCU_Version
                0x0000000020000099        0x1 ./Peripheral/src/ch32v20x_gpio.o
                0x0000000020000099                MCU_Version
 *fill*         0x000000002000009a        0x2 
 .sbss.NVIC_Priority_Group
                0x000000002000009c        0x4 ./Peripheral/src/ch32v20x_misc.o
                0x000000002000009c                NVIC_Priority_Group
 .sbss.p_ms     0x00000000200000a0        0x2 ./Debug/debug.o
 .sbss.p_us     0x00000000200000a2        0x1 ./Debug/debug.o
 *fill*         0x00000000200000a3        0x1 
 .sbss.__malloc_free_list
                0x00000000200000a4        0x4 c:/mounriver/mounriver_studio/toolchain/risc-v embedded gcc/bin/../lib/gcc/riscv-none-embed/8.2.0/../../../../riscv-none-embed/lib/rv32imacxw/ilp32\libg_nano.a(lib_a-nano-mallocr.o)
                0x00000000200000a4                __malloc_free_list
 .sbss.__malloc_sbrk_start
                0x00000000200000a8        0x4 c:/mounriver/mounriver_studio/toolchain/risc-v embedded gcc/bin/../lib/gcc/riscv-none-embed/8.2.0/../../../../riscv-none-embed/lib/rv32imacxw/ilp32\libg_nano.a(lib_a-nano-mallocr.o)
                0x00000000200000a8                __malloc_sbrk_start
 *(.gnu.linkonce.sb.*)
 *(.bss*)
 .bss.font_ptr  0x00000000200000ac      0x100 ./User/IS31FL3731.o
                0x00000000200000ac                font_ptr
 .bss.matrix_buf
                0x00000000200001ac     0x1770 ./User/IS31FL3731.o
                0x00000000200001ac                matrix_buf
 *(.gnu.linkonce.b.*)
 *(COMMON*)
 COMMON         0x000000002000191c        0x4 c:/mounriver/mounriver_studio/toolchain/risc-v embedded gcc/bin/../lib/gcc/riscv-none-embed/8.2.0/../../../../riscv-none-embed/lib/rv32imacxw/ilp32\libg_nano.a(lib_a-reent.o)
                0x000000002000191c                errno
                0x0000000020001920                . = ALIGN (0x4)
                0x0000000020001920                PROVIDE (_ebss = .)
                0x0000000020001920                PROVIDE (_end = _ebss)
                [!provide]                        PROVIDE (end = .)

.stack          0x0000000020002000      0x800
                0x0000000020002000                PROVIDE (_heap_end = .)
                0x0000000020002000                . = ALIGN (0x4)
                [!provide]                        PROVIDE (_susrstack = .)
                0x0000000020002800                . = (. + __stack_size)
 *fill*         0x0000000020002000      0x800 
                0x0000000020002800                PROVIDE (_eusrstack = .)
OUTPUT(MoonRiverProject_I2C-LED.elf elf32-littleriscv)

.debug_info     0x0000000000000000     0xb0bc
 .debug_info    0x0000000000000000     0x157d ./User/IS31FL3731.o
 .debug_info    0x000000000000157d      0x962 ./User/ch32v20x_it.o
 .debug_info    0x0000000000001edf     0x111b ./User/main.o
 .debug_info    0x0000000000002ffa      0xb3b ./User/system_ch32v20x.o
 .debug_info    0x0000000000003b35       0x22 ./Startup/startup_ch32v20x_D6.o
 .debug_info    0x0000000000003b57      0xa94 ./Peripheral/src/ch32v20x_dbgmcu.o
 .debug_info    0x00000000000045eb     0x12c8 ./Peripheral/src/ch32v20x_gpio.o
 .debug_info    0x00000000000058b3     0x147f ./Peripheral/src/ch32v20x_i2c.o
 .debug_info    0x0000000000006d32      0xe7c ./Peripheral/src/ch32v20x_misc.o
 .debug_info    0x0000000000007bae     0x125c ./Peripheral/src/ch32v20x_rcc.o
 .debug_info    0x0000000000008e0a     0x13b4 ./Peripheral/src/ch32v20x_usart.o
 .debug_info    0x000000000000a1be      0xefe ./Debug/debug.o

.debug_abbrev   0x0000000000000000     0x21b0
 .debug_abbrev  0x0000000000000000      0x437 ./User/IS31FL3731.o
 .debug_abbrev  0x0000000000000437      0x1cf ./User/ch32v20x_it.o
 .debug_abbrev  0x0000000000000606      0x2ca ./User/main.o
 .debug_abbrev  0x00000000000008d0      0x2b0 ./User/system_ch32v20x.o
 .debug_abbrev  0x0000000000000b80       0x12 ./Startup/startup_ch32v20x_D6.o
 .debug_abbrev  0x0000000000000b92      0x2f7 ./Peripheral/src/ch32v20x_dbgmcu.o
 .debug_abbrev  0x0000000000000e89      0x34b ./Peripheral/src/ch32v20x_gpio.o
 .debug_abbrev  0x00000000000011d4      0x3a7 ./Peripheral/src/ch32v20x_i2c.o
 .debug_abbrev  0x000000000000157b      0x2fb ./Peripheral/src/ch32v20x_misc.o
 .debug_abbrev  0x0000000000001876      0x351 ./Peripheral/src/ch32v20x_rcc.o
 .debug_abbrev  0x0000000000001bc7      0x312 ./Peripheral/src/ch32v20x_usart.o
 .debug_abbrev  0x0000000000001ed9      0x2d7 ./Debug/debug.o

.debug_loc      0x0000000000000000     0x28de
 .debug_loc     0x0000000000000000      0x5e4 ./User/IS31FL3731.o
 .debug_loc     0x00000000000005e4       0xca ./User/main.o
 .debug_loc     0x00000000000006ae       0xac ./User/system_ch32v20x.o
 .debug_loc     0x000000000000075a       0x6e ./Peripheral/src/ch32v20x_dbgmcu.o
 .debug_loc     0x00000000000007c8      0x8d6 ./Peripheral/src/ch32v20x_gpio.o
 .debug_loc     0x000000000000109e      0x70d ./Peripheral/src/ch32v20x_i2c.o
 .debug_loc     0x00000000000017ab       0xce ./Peripheral/src/ch32v20x_misc.o
 .debug_loc     0x0000000000001879      0x797 ./Peripheral/src/ch32v20x_rcc.o
 .debug_loc     0x0000000000002010      0x757 ./Peripheral/src/ch32v20x_usart.o
 .debug_loc     0x0000000000002767      0x177 ./Debug/debug.o

.debug_aranges  0x0000000000000000      0x5b8
 .debug_aranges
                0x0000000000000000       0x70 ./User/IS31FL3731.o
 .debug_aranges
                0x0000000000000070       0x28 ./User/ch32v20x_it.o
 .debug_aranges
                0x0000000000000098       0x28 ./User/main.o
 .debug_aranges
                0x00000000000000c0       0x28 ./User/system_ch32v20x.o
 .debug_aranges
                0x00000000000000e8       0x30 ./Startup/startup_ch32v20x_D6.o
 .debug_aranges
                0x0000000000000118       0x48 ./Peripheral/src/ch32v20x_dbgmcu.o
 .debug_aranges
                0x0000000000000160       0xb0 ./Peripheral/src/ch32v20x_gpio.o
 .debug_aranges
                0x0000000000000210      0x110 ./Peripheral/src/ch32v20x_i2c.o
 .debug_aranges
                0x0000000000000320       0x28 ./Peripheral/src/ch32v20x_misc.o
 .debug_aranges
                0x0000000000000348      0x128 ./Peripheral/src/ch32v20x_rcc.o
 .debug_aranges
                0x0000000000000470      0x100 ./Peripheral/src/ch32v20x_usart.o
 .debug_aranges
                0x0000000000000570       0x48 ./Debug/debug.o

.debug_ranges   0x0000000000000000      0x650
 .debug_ranges  0x0000000000000000      0x138 ./User/IS31FL3731.o
 .debug_ranges  0x0000000000000138       0x18 ./User/ch32v20x_it.o
 .debug_ranges  0x0000000000000150       0x48 ./User/main.o
 .debug_ranges  0x0000000000000198       0x18 ./User/system_ch32v20x.o
 .debug_ranges  0x00000000000001b0       0x28 ./Startup/startup_ch32v20x_D6.o
 .debug_ranges  0x00000000000001d8       0x50 ./Peripheral/src/ch32v20x_dbgmcu.o
 .debug_ranges  0x0000000000000228       0xa0 ./Peripheral/src/ch32v20x_gpio.o
 .debug_ranges  0x00000000000002c8      0x100 ./Peripheral/src/ch32v20x_i2c.o
 .debug_ranges  0x00000000000003c8       0x48 ./Peripheral/src/ch32v20x_misc.o
 .debug_ranges  0x0000000000000410      0x118 ./Peripheral/src/ch32v20x_rcc.o
 .debug_ranges  0x0000000000000528       0xf0 ./Peripheral/src/ch32v20x_usart.o
 .debug_ranges  0x0000000000000618       0x38 ./Debug/debug.o

.debug_line     0x0000000000000000     0x79a5
 .debug_line    0x0000000000000000      0xe79 ./User/IS31FL3731.o
 .debug_line    0x0000000000000e79      0x239 ./User/ch32v20x_it.o
 .debug_line    0x00000000000010b2      0x715 ./User/main.o
 .debug_line    0x00000000000017c7      0x5da ./User/system_ch32v20x.o
 .debug_line    0x0000000000001da1      0x29e ./Startup/startup_ch32v20x_D6.o
 .debug_line    0x000000000000203f      0x3d8 ./Peripheral/src/ch32v20x_dbgmcu.o
 .debug_line    0x0000000000002417     0x1565 ./Peripheral/src/ch32v20x_gpio.o
 .debug_line    0x000000000000397c     0x11a4 ./Peripheral/src/ch32v20x_i2c.o
 .debug_line    0x0000000000004b20      0x538 ./Peripheral/src/ch32v20x_misc.o
 .debug_line    0x0000000000005058     0x11d6 ./Peripheral/src/ch32v20x_rcc.o
 .debug_line    0x000000000000622e     0x100e ./Peripheral/src/ch32v20x_usart.o
 .debug_line    0x000000000000723c      0x769 ./Debug/debug.o

.debug_str      0x0000000000000000     0x2069
 .debug_str     0x0000000000000000      0x9fe ./User/IS31FL3731.o
                                        0xa89 (size before relaxing)
 .debug_str     0x00000000000009fe       0x34 ./User/ch32v20x_it.o
                                        0x5c0 (size before relaxing)
 .debug_str     0x0000000000000a32       0xfa ./User/main.o
                                        0x8a0 (size before relaxing)
 .debug_str     0x0000000000000b2c       0xdc ./User/system_ch32v20x.o
                                        0x6a9 (size before relaxing)
 .debug_str     0x0000000000000c08       0x6c ./Startup/startup_ch32v20x_D6.o
                                         0xb2 (size before relaxing)
 .debug_str     0x0000000000000c74       0xd6 ./Peripheral/src/ch32v20x_dbgmcu.o
                                        0x68f (size before relaxing)
 .debug_str     0x0000000000000d4a      0x299 ./Peripheral/src/ch32v20x_gpio.o
                                        0xa05 (size before relaxing)
 .debug_str     0x0000000000000fe3      0x378 ./Peripheral/src/ch32v20x_i2c.o
                                        0xb29 (size before relaxing)
 .debug_str     0x000000000000135b      0x49e ./Peripheral/src/ch32v20x_misc.o
                                        0xace (size before relaxing)
 .debug_str     0x00000000000017f9      0x366 ./Peripheral/src/ch32v20x_rcc.o
                                        0xb05 (size before relaxing)
 .debug_str     0x0000000000001b5f      0x455 ./Peripheral/src/ch32v20x_usart.o
                                        0xb60 (size before relaxing)
 .debug_str     0x0000000000001fb4       0xb5 ./Debug/debug.o
                                        0x948 (size before relaxing)

.comment        0x0000000000000000       0x33
 .comment       0x0000000000000000       0x33 ./User/IS31FL3731.o
                                         0x34 (size before relaxing)
 .comment       0x0000000000000033       0x34 ./User/ch32v20x_it.o
 .comment       0x0000000000000033       0x34 ./User/main.o
 .comment       0x0000000000000033       0x34 ./User/system_ch32v20x.o
 .comment       0x0000000000000033       0x34 ./Peripheral/src/ch32v20x_dbgmcu.o
 .comment       0x0000000000000033       0x34 ./Peripheral/src/ch32v20x_gpio.o
 .comment       0x0000000000000033       0x34 ./Peripheral/src/ch32v20x_i2c.o
 .comment       0x0000000000000033       0x34 ./Peripheral/src/ch32v20x_misc.o
 .comment       0x0000000000000033       0x34 ./Peripheral/src/ch32v20x_rcc.o
 .comment       0x0000000000000033       0x34 ./Peripheral/src/ch32v20x_usart.o
 .comment       0x0000000000000033       0x34 ./Debug/debug.o

.debug_frame    0x0000000000000000     0x14e0
 .debug_frame   0x0000000000000000      0x1b4 ./User/IS31FL3731.o
 .debug_frame   0x00000000000001b4       0x30 ./User/ch32v20x_it.o
 .debug_frame   0x00000000000001e4       0x60 ./User/main.o
 .debug_frame   0x0000000000000244       0x30 ./User/system_ch32v20x.o
 .debug_frame   0x0000000000000274       0x70 ./Peripheral/src/ch32v20x_dbgmcu.o
 .debug_frame   0x00000000000002e4      0x170 ./Peripheral/src/ch32v20x_gpio.o
 .debug_frame   0x0000000000000454      0x264 ./Peripheral/src/ch32v20x_i2c.o
 .debug_frame   0x00000000000006b8       0x30 ./Peripheral/src/ch32v20x_misc.o
 .debug_frame   0x00000000000006e8      0x244 ./Peripheral/src/ch32v20x_rcc.o
 .debug_frame   0x000000000000092c      0x204 ./Peripheral/src/ch32v20x_usart.o
 .debug_frame   0x0000000000000b30       0x9c ./Debug/debug.o
 .debug_frame   0x0000000000000bcc       0x54 c:/mounriver/mounriver_studio/toolchain/risc-v embedded gcc/bin/../lib/gcc/riscv-none-embed/8.2.0/../../../../riscv-none-embed/lib/rv32imacxw/ilp32\libg_nano.a(lib_a-printf.o)
 .debug_frame   0x0000000000000c20       0x54 c:/mounriver/mounriver_studio/toolchain/risc-v embedded gcc/bin/../lib/gcc/riscv-none-embed/8.2.0/../../../../riscv-none-embed/lib/rv32imacxw/ilp32\libg_nano.a(lib_a-puts.o)
 .debug_frame   0x0000000000000c74       0x50 c:/mounriver/mounriver_studio/toolchain/risc-v embedded gcc/bin/../lib/gcc/riscv-none-embed/8.2.0/../../../../riscv-none-embed/lib/rv32imacxw/ilp32\libg_nano.a(lib_a-wbuf.o)
 .debug_frame   0x0000000000000cc4       0x3c c:/mounriver/mounriver_studio/toolchain/risc-v embedded gcc/bin/../lib/gcc/riscv-none-embed/8.2.0/../../../../riscv-none-embed/lib/rv32imacxw/ilp32\libg_nano.a(lib_a-wsetup.o)
 .debug_frame   0x0000000000000d00       0x7c c:/mounriver/mounriver_studio/toolchain/risc-v embedded gcc/bin/../lib/gcc/riscv-none-embed/8.2.0/../../../../riscv-none-embed/lib/rv32imacxw/ilp32\libg_nano.a(lib_a-fflush.o)
 .debug_frame   0x0000000000000d7c      0x148 c:/mounriver/mounriver_studio/toolchain/risc-v embedded gcc/bin/../lib/gcc/riscv-none-embed/8.2.0/../../../../riscv-none-embed/lib/rv32imacxw/ilp32\libg_nano.a(lib_a-findfp.o)
 .debug_frame   0x0000000000000ec4       0x88 c:/mounriver/mounriver_studio/toolchain/risc-v embedded gcc/bin/../lib/gcc/riscv-none-embed/8.2.0/../../../../riscv-none-embed/lib/rv32imacxw/ilp32\libg_nano.a(lib_a-fwalk.o)
 .debug_frame   0x0000000000000f4c       0x64 c:/mounriver/mounriver_studio/toolchain/risc-v embedded gcc/bin/../lib/gcc/riscv-none-embed/8.2.0/../../../../riscv-none-embed/lib/rv32imacxw/ilp32\libg_nano.a(lib_a-makebuf.o)
 .debug_frame   0x0000000000000fb0       0x40 c:/mounriver/mounriver_studio/toolchain/risc-v embedded gcc/bin/../lib/gcc/riscv-none-embed/8.2.0/../../../../riscv-none-embed/lib/rv32imacxw/ilp32\libg_nano.a(lib_a-nano-freer.o)
 .debug_frame   0x0000000000000ff0       0x40 c:/mounriver/mounriver_studio/toolchain/risc-v embedded gcc/bin/../lib/gcc/riscv-none-embed/8.2.0/../../../../riscv-none-embed/lib/rv32imacxw/ilp32\libg_nano.a(lib_a-nano-mallocr.o)
 .debug_frame   0x0000000000001030       0xd0 c:/mounriver/mounriver_studio/toolchain/risc-v embedded gcc/bin/../lib/gcc/riscv-none-embed/8.2.0/../../../../riscv-none-embed/lib/rv32imacxw/ilp32\libg_nano.a(lib_a-nano-vfprintf.o)
 .debug_frame   0x0000000000001100       0x8c c:/mounriver/mounriver_studio/toolchain/risc-v embedded gcc/bin/../lib/gcc/riscv-none-embed/8.2.0/../../../../riscv-none-embed/lib/rv32imacxw/ilp32\libg_nano.a(lib_a-nano-vfprintf_i.o)
 .debug_frame   0x000000000000118c       0x30 c:/mounriver/mounriver_studio/toolchain/risc-v embedded gcc/bin/../lib/gcc/riscv-none-embed/8.2.0/../../../../riscv-none-embed/lib/rv32imacxw/ilp32\libg_nano.a(lib_a-sbrkr.o)
 .debug_frame   0x00000000000011bc       0xa4 c:/mounriver/mounriver_studio/toolchain/risc-v embedded gcc/bin/../lib/gcc/riscv-none-embed/8.2.0/../../../../riscv-none-embed/lib/rv32imacxw/ilp32\libg_nano.a(lib_a-stdio.o)
 .debug_frame   0x0000000000001260       0x30 c:/mounriver/mounriver_studio/toolchain/risc-v embedded gcc/bin/../lib/gcc/riscv-none-embed/8.2.0/../../../../riscv-none-embed/lib/rv32imacxw/ilp32\libg_nano.a(lib_a-writer.o)
 .debug_frame   0x0000000000001290       0x30 c:/mounriver/mounriver_studio/toolchain/risc-v embedded gcc/bin/../lib/gcc/riscv-none-embed/8.2.0/../../../../riscv-none-embed/lib/rv32imacxw/ilp32\libg_nano.a(lib_a-closer.o)
 .debug_frame   0x00000000000012c0       0x30 c:/mounriver/mounriver_studio/toolchain/risc-v embedded gcc/bin/../lib/gcc/riscv-none-embed/8.2.0/../../../../riscv-none-embed/lib/rv32imacxw/ilp32\libg_nano.a(lib_a-fstatr.o)
 .debug_frame   0x00000000000012f0       0x30 c:/mounriver/mounriver_studio/toolchain/risc-v embedded gcc/bin/../lib/gcc/riscv-none-embed/8.2.0/../../../../riscv-none-embed/lib/rv32imacxw/ilp32\libg_nano.a(lib_a-isattyr.o)
 .debug_frame   0x0000000000001320       0x30 c:/mounriver/mounriver_studio/toolchain/risc-v embedded gcc/bin/../lib/gcc/riscv-none-embed/8.2.0/../../../../riscv-none-embed/lib/rv32imacxw/ilp32\libg_nano.a(lib_a-lseekr.o)
 .debug_frame   0x0000000000001350       0x20 c:/mounriver/mounriver_studio/toolchain/risc-v embedded gcc/bin/../lib/gcc/riscv-none-embed/8.2.0/../../../../riscv-none-embed/lib/rv32imacxw/ilp32\libg_nano.a(lib_a-memchr.o)
 .debug_frame   0x0000000000001370       0x30 c:/mounriver/mounriver_studio/toolchain/risc-v embedded gcc/bin/../lib/gcc/riscv-none-embed/8.2.0/../../../../riscv-none-embed/lib/rv32imacxw/ilp32\libg_nano.a(lib_a-mlock.o)
 .debug_frame   0x00000000000013a0       0x30 c:/mounriver/mounriver_studio/toolchain/risc-v embedded gcc/bin/../lib/gcc/riscv-none-embed/8.2.0/../../../../riscv-none-embed/lib/rv32imacxw/ilp32\libg_nano.a(lib_a-readr.o)
 .debug_frame   0x00000000000013d0       0x70 c:/mounriver/mounriver_studio/toolchain/risc-v embedded gcc/bin/../lib/gcc/riscv-none-embed/8.2.0/../../../../riscv-none-embed/lib/rv32imacxw/ilp32\libg_nano.a(lib_a-reent.o)
 .debug_frame   0x0000000000001440       0x20 c:/mounriver/mounriver_studio/toolchain/risc-v embedded gcc/bin/../lib/gcc/riscv-none-embed/8.2.0/../../../../riscv-none-embed/lib/rv32imacxw/ilp32\libnosys.a(close.o)
 .debug_frame   0x0000000000001460       0x20 c:/mounriver/mounriver_studio/toolchain/risc-v embedded gcc/bin/../lib/gcc/riscv-none-embed/8.2.0/../../../../riscv-none-embed/lib/rv32imacxw/ilp32\libnosys.a(fstat.o)
 .debug_frame   0x0000000000001480       0x20 c:/mounriver/mounriver_studio/toolchain/risc-v embedded gcc/bin/../lib/gcc/riscv-none-embed/8.2.0/../../../../riscv-none-embed/lib/rv32imacxw/ilp32\libnosys.a(isatty.o)
 .debug_frame   0x00000000000014a0       0x20 c:/mounriver/mounriver_studio/toolchain/risc-v embedded gcc/bin/../lib/gcc/riscv-none-embed/8.2.0/../../../../riscv-none-embed/lib/rv32imacxw/ilp32\libnosys.a(lseek.o)
 .debug_frame   0x00000000000014c0       0x20 c:/mounriver/mounriver_studio/toolchain/risc-v embedded gcc/bin/../lib/gcc/riscv-none-embed/8.2.0/../../../../riscv-none-embed/lib/rv32imacxw/ilp32\libnosys.a(read.o)

.stab           0x0000000000000000       0x84
 .stab          0x0000000000000000       0x24 c:/mounriver/mounriver_studio/toolchain/risc-v embedded gcc/bin/../lib/gcc/riscv-none-embed/8.2.0/../../../../riscv-none-embed/lib/rv32imacxw/ilp32\libnosys.a(close.o)
 .stab          0x0000000000000024       0x18 c:/mounriver/mounriver_studio/toolchain/risc-v embedded gcc/bin/../lib/gcc/riscv-none-embed/8.2.0/../../../../riscv-none-embed/lib/rv32imacxw/ilp32\libnosys.a(fstat.o)
                                         0x24 (size before relaxing)
 .stab          0x000000000000003c       0x18 c:/mounriver/mounriver_studio/toolchain/risc-v embedded gcc/bin/../lib/gcc/riscv-none-embed/8.2.0/../../../../riscv-none-embed/lib/rv32imacxw/ilp32\libnosys.a(isatty.o)
                                         0x24 (size before relaxing)
 .stab          0x0000000000000054       0x18 c:/mounriver/mounriver_studio/toolchain/risc-v embedded gcc/bin/../lib/gcc/riscv-none-embed/8.2.0/../../../../riscv-none-embed/lib/rv32imacxw/ilp32\libnosys.a(lseek.o)
                                         0x24 (size before relaxing)
 .stab          0x000000000000006c       0x18 c:/mounriver/mounriver_studio/toolchain/risc-v embedded gcc/bin/../lib/gcc/riscv-none-embed/8.2.0/../../../../riscv-none-embed/lib/rv32imacxw/ilp32\libnosys.a(read.o)
                                         0x24 (size before relaxing)

.stabstr        0x0000000000000000      0x117
 .stabstr       0x0000000000000000      0x117 c:/mounriver/mounriver_studio/toolchain/risc-v embedded gcc/bin/../lib/gcc/riscv-none-embed/8.2.0/../../../../riscv-none-embed/lib/rv32imacxw/ilp32\libnosys.a(close.o)
