Archive member included to satisfy reference by file (symbol)

c:/mounriver/mounriver_studio/toolchain/risc-v embedded gcc/bin/../lib/gcc/riscv-none-embed/8.2.0/rv32imacxw/ilp32\libgcc.a(save-restore.o)
                              ./User/IS31FL3731.o (__riscv_save_7)
c:/mounriver/mounriver_studio/toolchain/risc-v embedded gcc/bin/../lib/gcc/riscv-none-embed/8.2.0/../../../../riscv-none-embed/lib/rv32imacxw/ilp32\libg_nano.a(lib_a-printf.o)
                              ./User/main.o (printf)
c:/mounriver/mounriver_studio/toolchain/risc-v embedded gcc/bin/../lib/gcc/riscv-none-embed/8.2.0/../../../../riscv-none-embed/lib/rv32imacxw/ilp32\libg_nano.a(lib_a-puts.o)
                              ./User/main.o (puts)
c:/mounriver/mounriver_studio/toolchain/risc-v embedded gcc/bin/../lib/gcc/riscv-none-embed/8.2.0/../../../../riscv-none-embed/lib/rv32imacxw/ilp32\libg_nano.a(lib_a-wbuf.o)
                              c:/mounriver/mounriver_studio/toolchain/risc-v embedded gcc/bin/../lib/gcc/riscv-none-embed/8.2.0/../../../../riscv-none-embed/lib/rv32imacxw/ilp32\libg_nano.a(lib_a-puts.o) (__swbuf_r)
c:/mounriver/mounriver_studio/toolchain/risc-v embedded gcc/bin/../lib/gcc/riscv-none-embed/8.2.0/../../../../riscv-none-embed/lib/rv32imacxw/ilp32\libg_nano.a(lib_a-wsetup.o)
                              c:/mounriver/mounriver_studio/toolchain/risc-v embedded gcc/bin/../lib/gcc/riscv-none-embed/8.2.0/../../../../riscv-none-embed/lib/rv32imacxw/ilp32\libg_nano.a(lib_a-puts.o) (__swsetup_r)
c:/mounriver/mounriver_studio/toolchain/risc-v embedded gcc/bin/../lib/gcc/riscv-none-embed/8.2.0/../../../../riscv-none-embed/lib/rv32imacxw/ilp32\libg_nano.a(lib_a-fflush.o)
                              c:/mounriver/mounriver_studio/toolchain/risc-v embedded gcc/bin/../lib/gcc/riscv-none-embed/8.2.0/../../../../riscv-none-embed/lib/rv32imacxw/ilp32\libg_nano.a(lib_a-wbuf.o) (_fflush_r)
c:/mounriver/mounriver_studio/toolchain/risc-v embedded gcc/bin/../lib/gcc/riscv-none-embed/8.2.0/../../../../riscv-none-embed/lib/rv32imacxw/ilp32\libg_nano.a(lib_a-findfp.o)
                              c:/mounriver/mounriver_studio/toolchain/risc-v embedded gcc/bin/../lib/gcc/riscv-none-embed/8.2.0/../../../../riscv-none-embed/lib/rv32imacxw/ilp32\libg_nano.a(lib_a-printf.o) (__sinit)
c:/mounriver/mounriver_studio/toolchain/risc-v embedded gcc/bin/../lib/gcc/riscv-none-embed/8.2.0/../../../../riscv-none-embed/lib/rv32imacxw/ilp32\libg_nano.a(lib_a-fwalk.o)
                              c:/mounriver/mounriver_studio/toolchain/risc-v embedded gcc/bin/../lib/gcc/riscv-none-embed/8.2.0/../../../../riscv-none-embed/lib/rv32imacxw/ilp32\libg_nano.a(lib_a-findfp.o) (_fwalk)
c:/mounriver/mounriver_studio/toolchain/risc-v embedded gcc/bin/../lib/gcc/riscv-none-embed/8.2.0/../../../../riscv-none-embed/lib/rv32imacxw/ilp32\libg_nano.a(lib_a-impure.o)
                              c:/mounriver/mounriver_studio/toolchain/risc-v embedded gcc/bin/../lib/gcc/riscv-none-embed/8.2.0/../../../../riscv-none-embed/lib/rv32imacxw/ilp32\libg_nano.a(lib_a-fflush.o) (_global_impure_ptr)
c:/mounriver/mounriver_studio/toolchain/risc-v embedded gcc/bin/../lib/gcc/riscv-none-embed/8.2.0/../../../../riscv-none-embed/lib/rv32imacxw/ilp32\libg_nano.a(lib_a-makebuf.o)
                              c:/mounriver/mounriver_studio/toolchain/risc-v embedded gcc/bin/../lib/gcc/riscv-none-embed/8.2.0/../../../../riscv-none-embed/lib/rv32imacxw/ilp32\libg_nano.a(lib_a-wsetup.o) (__smakebuf_r)
c:/mounriver/mounriver_studio/toolchain/risc-v embedded gcc/bin/../lib/gcc/riscv-none-embed/8.2.0/../../../../riscv-none-embed/lib/rv32imacxw/ilp32\libg_nano.a(lib_a-memset.o)
                              c:/mounriver/mounriver_studio/toolchain/risc-v embedded gcc/bin/../lib/gcc/riscv-none-embed/8.2.0/../../../../riscv-none-embed/lib/rv32imacxw/ilp32\libg_nano.a(lib_a-findfp.o) (memset)
c:/mounriver/mounriver_studio/toolchain/risc-v embedded gcc/bin/../lib/gcc/riscv-none-embed/8.2.0/../../../../riscv-none-embed/lib/rv32imacxw/ilp32\libg_nano.a(lib_a-nano-freer.o)
                              c:/mounriver/mounriver_studio/toolchain/risc-v embedded gcc/bin/../lib/gcc/riscv-none-embed/8.2.0/../../../../riscv-none-embed/lib/rv32imacxw/ilp32\libg_nano.a(lib_a-wsetup.o) (_free_r)
c:/mounriver/mounriver_studio/toolchain/risc-v embedded gcc/bin/../lib/gcc/riscv-none-embed/8.2.0/../../../../riscv-none-embed/lib/rv32imacxw/ilp32\libg_nano.a(lib_a-nano-mallocr.o)
                              c:/mounriver/mounriver_studio/toolchain/risc-v embedded gcc/bin/../lib/gcc/riscv-none-embed/8.2.0/../../../../riscv-none-embed/lib/rv32imacxw/ilp32\libg_nano.a(lib_a-findfp.o) (_malloc_r)
c:/mounriver/mounriver_studio/toolchain/risc-v embedded gcc/bin/../lib/gcc/riscv-none-embed/8.2.0/../../../../riscv-none-embed/lib/rv32imacxw/ilp32\libg_nano.a(lib_a-nano-vfprintf.o)
[...]
Memory Configuration

Name             Origin             Length             Attributes
FLASH            0x0000000000000000 0x0000000000008000 xr
RAM              0x0000000020000000 0x0000000000002800 xrw
*default*        0x0000000000000000 0xffffffffffffffff

Linker script and memory map

LOAD ./User/IS31FL3731.o
LOAD ./User/ch32v20x_it.o
LOAD ./User/main.o
LOAD ./User/system_ch32v20x.o
LOAD ./Startup/startup_ch32v20x_D6.o
LOAD ./Peripheral/src/ch32v20x_adc.o
LOAD ./Peripheral/src/ch32v20x_bkp.o
LOAD ./Peripheral/src/ch32v20x_can.o
LOAD ./Peripheral/src/ch32v20x_crc.o
LOAD ./Peripheral/src/ch32v20x_dbgmcu.o
LOAD ./Peripheral/src/ch32v20x_dma.o
LOAD ./Peripheral/src/ch32v20x_exti.o
LOAD ./Peripheral/src/ch32v20x_flash.o
LOAD ./Peripheral/src/ch32v20x_gpio.o
LOAD ./Peripheral/src/ch32v20x_i2c.o
LOAD ./Peripheral/src/ch32v20x_iwdg.o
LOAD ./Peripheral/src/ch32v20x_misc.o
LOAD ./Peripheral/src/ch32v20x_opa.o
LOAD ./Peripheral/src/ch32v20x_pwr.o
LOAD ./Peripheral/src/ch32v20x_rcc.o
LOAD ./Peripheral/src/ch32v20x_rtc.o
LOAD ./Peripheral/src/ch32v20x_spi.o
LOAD ./Peripheral/src/ch32v20x_tim.o
LOAD ./Peripheral/src/ch32v20x_usart.o
LOAD ./Peripheral/src/ch32v20x_wwdg.o
LOAD ./Debug/debug.o
LOAD ./Core/core_riscv.o
LOAD c:/mounriver/mounriver_studio/toolchain/risc-v embedded gcc/bin/../lib/gcc/riscv-none-embed/8.2.0/rv32imacxw/ilp32\libgcc.a
LOAD c:/mounriver/mounriver_studio/toolchain/risc-v embedded gcc/bin/../lib/gcc/riscv-none-embed/8.2.0/../../../../riscv-none-embed/lib/rv32imacxw/ilp32\libg_nano.a
LOAD c:/mounriver/mounriver_studio/toolchain/risc-v embedded gcc/bin/../lib/gcc/riscv-none-embed/8.2.0/../../../../riscv-none-embed/lib/rv32imacxw/ilp32\libc_nano.a
LOAD c:/mounriver/mounriver_studio/toolchain/risc-v embedded gcc/bin/../lib/gcc/riscv-none-embed/8.2.0/rv32imacxw/ilp32\libgcc.a
START GROUP
LOAD c:/mounriver/mounriver_studio/toolchain/risc-v embedded gcc/bin/../lib/gcc/riscv-none-embed/8.2.0/rv32imacxw/ilp32\libgcc.a
LOAD c:/mounriver/mounriver_studio/toolchain/risc-v embedded gcc/bin/../lib/gcc/riscv-none-embed/8.2.0/../../../../riscv-none-embed/lib/rv32imacxw/ilp32\libc_nano.a
LOAD c:/mounriver/mounriver_studio/toolchain/risc-v embedded gcc/bin/../lib/gcc/riscv-none-embed/8.2.0/../../../../riscv-none-embed/lib/rv32imacxw/ilp32\libnosys.a
END GROUP
START GROUP
LOAD c:/mounriver/mounriver_studio/toolchain/risc-v embedded gcc/bin/../lib/gcc/riscv-none-embed/8.2.0/rv32imacxw/ilp32\libgcc.a
LOAD c:/mounriver/mounriver_studio/toolchain/risc-v embedded gcc/bin/../lib/gcc/riscv-none-embed/8.2.0/../../../../riscv-none-embed/lib/rv32imacxw/ilp32\libc_nano.a
LOAD c:/mounriver/mounriver_studio/toolchain/risc-v embedded gcc/bin/../lib/gcc/riscv-none-embed/8.2.0/../../../../riscv-none-embed/lib/rv32imacxw/ilp32\libnosys.a
END GROUP
                0x0000000000000800                __stack_size = 0x800
                [!provide]                        PROVIDE (_stack_size = __stack_size)

.init           0x0000000000000000       0x38
                0x0000000000000000                _sinit = .
                0x0000000000000000                . = ALIGN (0x4)
 *(SORT_NONE(.init))
 .init          0x0000000000000000       0x38 ./Startup/startup_ch32v20x_D6.o
                0x0000000000000000                _start
                0x0000000000000038                . = ALIGN (0x4)
                0x0000000000000038                _einit = .

.vector         0x0000000000000038      0x108
 *(.vector)
 .vector        0x0000000000000038       0xfc ./Startup/startup_ch32v20x_D6.o
                0x0000000000000140                . = ALIGN (0x40)
 *fill*         0x0000000000000134        0xc 

.text           0x0000000000000140     0x1f48
                0x0000000000000140                . = ALIGN (0x4)
 *(.text)
 .text          0x0000000000000140       0x60 c:/mounriver/mounriver_studio/toolchain/risc-v embedded gcc/bin/../lib/gcc/riscv-none-embed/8.2.0/rv32imacxw/ilp32\libgcc.a(save-restore.o)
                0x0000000000000140                __riscv_save_12
                0x0000000000000148                __riscv_save_9
                0x0000000000000148                __riscv_save_11
                0x0000000000000148                __riscv_save_10
                0x0000000000000148                __riscv_save_8
                0x0000000000000156                __riscv_save_4
                0x0000000000000156                __riscv_save_6
                0x0000000000000156                __riscv_save_5
                0x0000000000000156                __riscv_save_7
                0x0000000000000170                __riscv_save_3
                0x0000000000000170                __riscv_save_2
                0x0000000000000170                __riscv_save_1
                0x0000000000000170                __riscv_save_0
                0x000000000000017c                __riscv_restore_12
                0x0000000000000180                __riscv_restore_11
                0x0000000000000180                __riscv_restore_9
                0x0000000000000180                __riscv_restore_10
                0x0000000000000180                __riscv_restore_8
                0x000000000000018a                __riscv_restore_5
                0x000000000000018a                __riscv_restore_7
                0x000000000000018a                __riscv_restore_6
                0x000000000000018a                __riscv_restore_4
                0x0000000000000194                __riscv_restore_3
                0x0000000000000194                __riscv_restore_0
                0x0000000000000194                __riscv_restore_2
                0x0000000000000194                __riscv_restore_1
 .text          0x00000000000001a0       0xa8 c:/mounriver/mounriver_studio/toolchain/risc-v embedded gcc/bin/../lib/gcc/riscv-none-embed/8.2.0/../../../../riscv-none-embed/lib/rv32imacxw/ilp32\libg_nano.a(lib_a-memset.o)
                0x00000000000001a0                memset
 *(.text.*)
 .text.IS31FL3731_begin
                0x0000000000000248       0x90 ./User/IS31FL3731.o
                0x0000000000000248                IS31FL3731_begin
 .text.I2C_write
                0x00000000000002d8       0xda ./User/IS31FL3731.o
                0x00000000000002d8                I2C_write
 .text.IS31FL3731_selectRegPage
                0x00000000000003b2       0x36 ./User/IS31FL3731.o
                0x00000000000003b2                IS31FL3731_selectRegPage
 .text.IS31FL3731_writeFuncReg
                0x00000000000003e8       0x2e ./User/IS31FL3731.o
                0x00000000000003e8                IS31FL3731_writeFuncReg
 .text.IS31FL3731_changeDisplayFrame
                0x0000000000000416       0x24 ./User/IS31FL3731.o
                0x0000000000000416                IS31FL3731_changeDisplayFrame
 .text.IS31FL3731_clearFrame
                0x000000000000043a       0x88 ./User/IS31FL3731.o
                0x000000000000043a                IS31FL3731_clearFrame
 .text.NMI_Handler
                0x00000000000004c2        0x4 ./User/ch32v20x_it.o
                0x00000000000004c2                NMI_Handler
 .text.HardFault_Handler
                0x00000000000004c6        0x2 ./User/ch32v20x_it.o
                0x00000000000004c6                HardFault_Handler
 .text.GPIO_Toggle_INIT
                0x00000000000004c8       0x48 ./User/main.o
                0x00000000000004c8                GPIO_Toggle_INIT
 .text.startup.main
                0x0000000000000510       0xc6 ./User/main.o
                0x0000000000000510                main
 .text.SystemInit
                0x00000000000005d6       0xa8 ./User/system_ch32v20x.o
                0x00000000000005d6                SystemInit
 .text.SystemCoreClockUpdate
                0x000000000000067e       0x8e ./User/system_ch32v20x.o
                0x000000000000067e                SystemCoreClockUpdate
 .text.vector_handler
                0x000000000000070c       0x6c ./Startup/startup_ch32v20x_D6.o
                0x0000000000000710                Ecall_M_Mode_Handler
                0x0000000000000712                Ecall_U_Mode_Handler
                0x0000000000000714                Break_Point_Handler
                0x0000000000000716                SysTick_Handler
                0x0000000000000718                SW_Handler
                0x000000000000071a                WWDG_IRQHandler
                0x000000000000071c                PVD_IRQHandler
                0x000000000000071e                TAMPER_IRQHandler
                0x0000000000000720                RTC_IRQHandler
                0x0000000000000722                FLASH_IRQHandler
                0x0000000000000724                RCC_IRQHandler
                0x0000000000000726                EXTI0_IRQHandler
                0x0000000000000728                EXTI1_IRQHandler
                0x000000000000072a                EXTI2_IRQHandler
                0x000000000000072c                EXTI3_IRQHandler
                0x000000000000072e                EXTI4_IRQHandler
                0x0000000000000730                DMA1_Channel1_IRQHandler
                0x0000000000000732                DMA1_Channel2_IRQHandler
                0x0000000000000734                DMA1_Channel3_IRQHandler
                0x0000000000000736                DMA1_Channel4_IRQHandler
                0x0000000000000738                DMA1_Channel5_IRQHandler
                0x000000000000073a                DMA1_Channel6_IRQHandler
                0x000000000000073c                DMA1_Channel7_IRQHandler
                0x000000000000073e                ADC1_2_IRQHandler
                0x0000000000000740                USB_HP_CAN1_TX_IRQHandler
                0x0000000000000742                USB_LP_CAN1_RX0_IRQHandler
                0x0000000000000744                CAN1_RX1_IRQHandler
                0x0000000000000746                CAN1_SCE_IRQHandler
                0x0000000000000748                EXTI9_5_IRQHandler
                0x000000000000074a                TIM1_BRK_IRQHandler
                0x000000000000074c                TIM1_UP_IRQHandler
                0x000000000000074e                TIM1_TRG_COM_IRQHandler
                0x0000000000000750                TIM1_CC_IRQHandler
                0x0000000000000752                TIM2_IRQHandler
                0x0000000000000754                TIM3_IRQHandler
                0x0000000000000756                TIM4_IRQHandler
                0x0000000000000758                I2C1_EV_IRQHandler
                0x000000000000075a                I2C1_ER_IRQHandler
                0x000000000000075c                I2C2_EV_IRQHandler
                0x000000000000075e                I2C2_ER_IRQHandler
                0x0000000000000760                SPI1_IRQHandler
                0x0000000000000762                SPI2_IRQHandler
                0x0000000000000764                USART1_IRQHandler
                0x0000000000000766                USART2_IRQHandler
                0x0000000000000768                USART3_IRQHandler
                0x000000000000076a                EXTI15_10_IRQHandler
                0x000000000000076c                RTCAlarm_IRQHandler
                0x000000000000076e                USBWakeUp_IRQHandler
                0x0000000000000770                USBHD_IRQHandler
                0x0000000000000772                USBHDWakeUp_IRQHandler
                0x0000000000000774                UART4_IRQHandler
                0x0000000000000776                DMA1_Channel8_IRQHandler
 .text.handle_reset
                0x0000000000000778       0x86 ./Startup/startup_ch32v20x_D6.o
                0x0000000000000778                handle_reset
 .text.DBGMCU_GetCHIPID
                0x00000000000007fe        0xa ./Peripheral/src/ch32v20x_dbgmcu.o
                0x00000000000007fe                DBGMCU_GetCHIPID
 .text.GPIO_Init
                0x0000000000000808       0xf2 ./Peripheral/src/ch32v20x_gpio.o
                0x0000000000000808                GPIO_Init
 .text.GPIO_WriteBit
                0x00000000000008fa       0x1a ./Peripheral/src/ch32v20x_gpio.o
                0x00000000000008fa                GPIO_WriteBit
 .text.I2C_Init
                0x0000000000000914       0xf2 ./Peripheral/src/ch32v20x_i2c.o
                0x0000000000000914                I2C_Init
 .text.I2C_Cmd  0x0000000000000a06       0x18 ./Peripheral/src/ch32v20x_i2c.o
                0x0000000000000a06                I2C_Cmd
 .text.I2C_GenerateSTART
                0x0000000000000a1e       0x1a ./Peripheral/src/ch32v20x_i2c.o
                0x0000000000000a1e                I2C_GenerateSTART
 .text.I2C_GenerateSTOP
                0x0000000000000a38       0x1a ./Peripheral/src/ch32v20x_i2c.o
                0x0000000000000a38                I2C_GenerateSTOP
 .text.I2C_AcknowledgeConfig
                0x0000000000000a52       0x1a ./Peripheral/src/ch32v20x_i2c.o
                0x0000000000000a52                I2C_AcknowledgeConfig
 .text.I2C_SendData
                0x0000000000000a6c        0x4 ./Peripheral/src/ch32v20x_i2c.o
                0x0000000000000a6c                I2C_SendData
 .text.I2C_Send7bitAddress
                0x0000000000000a70       0x12 ./Peripheral/src/ch32v20x_i2c.o
                0x0000000000000a70                I2C_Send7bitAddress
 .text.I2C_CheckEvent
                0x0000000000000a82       0x16 ./Peripheral/src/ch32v20x_i2c.o
                0x0000000000000a82                I2C_CheckEvent
 .text.I2C_GetFlagStatus
                0x0000000000000a98       0x32 ./Peripheral/src/ch32v20x_i2c.o
                0x0000000000000a98                I2C_GetFlagStatus
 .text.NVIC_PriorityGroupConfig
                0x0000000000000aca        0x6 ./Peripheral/src/ch32v20x_misc.o
                0x0000000000000aca                NVIC_PriorityGroupConfig
 .text.RCC_GetClocksFreq
                0x0000000000000ad0       0xbe ./Peripheral/src/ch32v20x_rcc.o
                0x0000000000000ad0                RCC_GetClocksFreq
 .text.RCC_APB2PeriphClockCmd
                0x0000000000000b8e       0x1e ./Peripheral/src/ch32v20x_rcc.o
                0x0000000000000b8e                RCC_APB2PeriphClockCmd
 .text.RCC_APB1PeriphClockCmd
                0x0000000000000bac       0x1e ./Peripheral/src/ch32v20x_rcc.o
                0x0000000000000bac                RCC_APB1PeriphClockCmd
 .text.USART_Init
                0x0000000000000bca       0xba ./Peripheral/src/ch32v20x_usart.o
                0x0000000000000bca                USART_Init
 .text.USART_Cmd
                0x0000000000000c84       0x16 ./Peripheral/src/ch32v20x_usart.o
                0x0000000000000c84                USART_Cmd
 .text.USART_SendData
                0x0000000000000c9a        0x8 ./Peripheral/src/ch32v20x_usart.o
                0x0000000000000c9a                USART_SendData
 .text.USART_GetFlagStatus
                0x0000000000000ca2        0xa ./Peripheral/src/ch32v20x_usart.o
                0x0000000000000ca2                USART_GetFlagStatus
 .text.Delay_Init
                0x0000000000000cac       0x2a ./Debug/debug.o
                0x0000000000000cac                Delay_Init
 .text.Delay_Us
                0x0000000000000cd6       0x36 ./Debug/debug.o
                0x0000000000000cd6                Delay_Us
 .text.Delay_Ms
                0x0000000000000d0c       0x36 ./Debug/debug.o
                0x0000000000000d0c                Delay_Ms
 .text.USART_Printf_Init
                0x0000000000000d42       0x52 ./Debug/debug.o
                0x0000000000000d42                USART_Printf_Init
 .text._write   0x0000000000000d94       0x3a ./Debug/debug.o
                0x0000000000000d94                _write
 .text._sbrk    0x0000000000000dce       0x26 ./Debug/debug.o
                0x0000000000000dce                _sbrk
 .text.printf   0x0000000000000df4       0x40 c:/mounriver/mounriver_studio/toolchain/risc-v embedded gcc/bin/../lib/gcc/riscv-none-embed/8.2.0/../../../../riscv-none-embed/lib/rv32imacxw/ilp32\libg_nano.a(lib_a-printf.o)
                0x0000000000000df4                iprintf
                0x0000000000000df4                printf
 .text._puts_r  0x0000000000000e34       0xd4 c:/mounriver/mounriver_studio/toolchain/risc-v embedded gcc/bin/../lib/gcc/riscv-none-embed/8.2.0/../../../../riscv-none-embed/lib/rv32imacxw/ilp32\libg_nano.a(lib_a-puts.o)
                0x0000000000000e34                _puts_r
 .text.puts     0x0000000000000f08        0xa c:/mounriver/mounriver_studio/toolchain/risc-v embedded gcc/bin/../lib/gcc/riscv-none-embed/8.2.0/../../../../riscv-none-embed/lib/rv32imacxw/ilp32\libg_nano.a(lib_a-puts.o)
                0x0000000000000f08                puts
 .text.__swbuf_r
                0x0000000000000f12       0xbc c:/mounriver/mounriver_studio/toolchain/risc-v embedded gcc/bin/../lib/gcc/riscv-none-embed/8.2.0/../../../../riscv-none-embed/lib/rv32imacxw/ilp32\libg_nano.a(lib_a-wbuf.o)
                0x0000000000000f12                __swbuf_r
 .text.__swsetup_r
                0x0000000000000fce       0xfc c:/mounriver/mounriver_studio/toolchain/risc-v embedded gcc/bin/../lib/gcc/riscv-none-embed/8.2.0/../../../../riscv-none-embed/lib/rv32imacxw/ilp32\libg_nano.a(lib_a-wsetup.o)
                0x0000000000000fce                __swsetup_r
 .text.__sflush_r
                0x00000000000010ca      0x130 c:/mounriver/mounriver_studio/toolchain/risc-v embedded gcc/bin/../lib/gcc/riscv-none-embed/8.2.0/../../../../riscv-none-embed/lib/rv32imacxw/ilp32\libg_nano.a(lib_a-fflush.o)
                0x00000000000010ca                __sflush_r
 .text._fflush_r
                0x00000000000011fa       0x64 c:/mounriver/mounriver_studio/toolchain/risc-v embedded gcc/bin/../lib/gcc/riscv-none-embed/8.2.0/../../../../riscv-none-embed/lib/rv32imacxw/ilp32\libg_nano.a(lib_a-fflush.o)
                0x00000000000011fa                _fflush_r
 .text.std      0x000000000000125e       0x66 c:/mounriver/mounriver_studio/toolchain/risc-v embedded gcc/bin/../lib/gcc/riscv-none-embed/8.2.0/../../../../riscv-none-embed/lib/rv32imacxw/ilp32\libg_nano.a(lib_a-findfp.o)
 .text._cleanup_r
                0x00000000000012c4        0xa c:/mounriver/mounriver_studio/toolchain/risc-v embedded gcc/bin/../lib/gcc/riscv-none-embed/8.2.0/../../../../riscv-none-embed/lib/rv32imacxw/ilp32\libg_nano.a(lib_a-findfp.o)
                0x00000000000012c4                _cleanup_r
 .text.__sfmoreglue
                0x00000000000012ce       0x46 c:/mounriver/mounriver_studio/toolchain/risc-v embedded gcc/bin/../lib/gcc/riscv-none-embed/8.2.0/../../../../riscv-none-embed/lib/rv32imacxw/ilp32\libg_nano.a(lib_a-findfp.o)
                0x00000000000012ce                __sfmoreglue
 .text.__sinit  0x0000000000001314       0x66 c:/mounriver/mounriver_studio/toolchain/risc-v embedded gcc/bin/../lib/gcc/riscv-none-embed/8.2.0/../../../../riscv-none-embed/lib/rv32imacxw/ilp32\libg_nano.a(lib_a-findfp.o)
                0x0000000000001314                __sinit
 .text.__sfp    0x000000000000137a       0x9c c:/mounriver/mounriver_studio/toolchain/risc-v embedded gcc/bin/../lib/gcc/riscv-none-embed/8.2.0/../../../../riscv-none-embed/lib/rv32imacxw/ilp32\libg_nano.a(lib_a-findfp.o)
                0x000000000000137a                __sfp
 .text._fwalk_reent
                0x0000000000001416       0x6a c:/mounriver/mounriver_studio/toolchain/risc-v embedded gcc/bin/../lib/gcc/riscv-none-embed/8.2.0/../../../../riscv-none-embed/lib/rv32imacxw/ilp32\libg_nano.a(lib_a-fwalk.o)
                0x0000000000001416                _fwalk_reent
 .text.__swhatbuf_r
                0x0000000000001480       0x58 c:/mounriver/mounriver_studio/toolchain/risc-v embedded gcc/bin/../lib/gcc/riscv-none-embed/8.2.0/../../../../riscv-none-embed/lib/rv32imacxw/ilp32\libg_nano.a(lib_a-makebuf.o)
                0x0000000000001480                __swhatbuf_r
 .text.__smakebuf_r
                0x00000000000014d8       0x90 c:/mounriver/mounriver_studio/toolchain/risc-v embedded gcc/bin/../lib/gcc/riscv-none-embed/8.2.0/../../../../riscv-none-embed/lib/rv32imacxw/ilp32\libg_nano.a(lib_a-makebuf.o)
                0x00000000000014d8                __smakebuf_r
 .text._free_r  0x0000000000001568       0xa8 c:/mounriver/mounriver_studio/toolchain/risc-v embedded gcc/bin/../lib/gcc/riscv-none-embed/8.2.0/../../../../riscv-none-embed/lib/rv32imacxw/ilp32\libg_nano.a(lib_a-nano-freer.o)
                0x0000000000001568                _free_r
 .text._malloc_r
                0x0000000000001610       0xd4 c:/mounriver/mounriver_studio/toolchain/risc-v embedded gcc/bin/../lib/gcc/riscv-none-embed/8.2.0/../../../../riscv-none-embed/lib/rv32imacxw/ilp32\libg_nano.a(lib_a-nano-mallocr.o)
                0x0000000000001610                _malloc_r
 .text.__sfputc_r
                0x00000000000016e4       0x28 c:/mounriver/mounriver_studio/toolchain/risc-v embedded gcc/bin/../lib/gcc/riscv-none-embed/8.2.0/../../../../riscv-none-embed/lib/rv32imacxw/ilp32\libg_nano.a(lib_a-nano-vfprintf.o)
 .text.__sfputs_r
                0x000000000000170c       0x40 c:/mounriver/mounriver_studio/toolchain/risc-v embedded gcc/bin/../lib/gcc/riscv-none-embed/8.2.0/../../../../riscv-none-embed/lib/rv32imacxw/ilp32\libg_nano.a(lib_a-nano-vfprintf.o)
                0x000000000000170c                __sfputs_r
 .text._vfprintf_r
                0x000000000000174c      0x284 c:/mounriver/mounriver_studio/toolchain/risc-v embedded gcc/bin/../lib/gcc/riscv-none-embed/8.2.0/../../../../riscv-none-embed/lib/rv32imacxw/ilp32\libg_nano.a(lib_a-nano-vfprintf.o)
                0x000000000000174c                _vfprintf_r
                0x000000000000174c                _vfiprintf_r
 .text._printf_common
                0x00000000000019d0      0x10c c:/mounriver/mounriver_studio/toolchain/risc-v embedded gcc/bin/../lib/gcc/riscv-none-embed/8.2.0/../../../../riscv-none-embed/lib/rv32imacxw/ilp32\libg_nano.a(lib_a-nano-vfprintf_i.o)
                0x00000000000019d0                _printf_common
 .text._printf_i
                0x0000000000001adc      0x2a0 c:/mounriver/mounriver_studio/toolchain/risc-v embedded gcc/bin/../lib/gcc/riscv-none-embed/8.2.0/../../../../riscv-none-embed/lib/rv32imacxw/ilp32\libg_nano.a(lib_a-nano-vfprintf_i.o)
                0x0000000000001adc                _printf_i
 .text._sbrk_r  0x0000000000001d7c       0x2a c:/mounriver/mounriver_studio/toolchain/risc-v embedded gcc/bin/../lib/gcc/riscv-none-embed/8.2.0/../../../../riscv-none-embed/lib/rv32imacxw/ilp32\libg_nano.a(lib_a-sbrkr.o)
                0x0000000000001d7c                _sbrk_r
 .text.__sread  0x0000000000001da6       0x2c c:/mounriver/mounriver_studio/toolchain/risc-v embedded gcc/bin/../lib/gcc/riscv-none-embed/8.2.0/../../../../riscv-none-embed/lib/rv32imacxw/ilp32\libg_nano.a(lib_a-stdio.o)
                0x0000000000001da6                __sread
 .text.__swrite
                0x0000000000001dd2       0x48 c:/mounriver/mounriver_studio/toolchain/risc-v embedded gcc/bin/../lib/gcc/riscv-none-embed/8.2.0/../../../../riscv-none-embed/lib/rv32imacxw/ilp32\libg_nano.a(lib_a-stdio.o)
                0x0000000000001dd2                __swrite
 .text.__sseek  0x0000000000001e1a       0x30 c:/mounriver/mounriver_studio/toolchain/risc-v embedded gcc/bin/../lib/gcc/riscv-none-embed/8.2.0/../../../../riscv-none-embed/lib/rv32imacxw/ilp32\libg_nano.a(lib_a-stdio.o)
                0x0000000000001e1a                __sseek
 .text.__sclose
                0x0000000000001e4a        0x6 c:/mounriver/mounriver_studio/toolchain/risc-v embedded gcc/bin/../lib/gcc/riscv-none-embed/8.2.0/../../../../riscv-none-embed/lib/rv32imacxw/ilp32\libg_nano.a(lib_a-stdio.o)
                0x0000000000001e4a                __sclose
 .text._write_r
                0x0000000000001e50       0x2e c:/mounriver/mounriver_studio/toolchain/risc-v embedded gcc/bin/../lib/gcc/riscv-none-embed/8.2.0/../../../../riscv-none-embed/lib/rv32imacxw/ilp32\libg_nano.a(lib_a-writer.o)
                0x0000000000001e50                _write_r
 .text._close_r
                0x0000000000001e7e       0x28 c:/mounriver/mounriver_studio/toolchain/risc-v embedded gcc/bin/../lib/gcc/riscv-none-embed/8.2.0/../../../../riscv-none-embed/lib/rv32imacxw/ilp32\libg_nano.a(lib_a-closer.o)
                0x0000000000001e7e                _close_r
 .text._fstat_r
                0x0000000000001ea6       0x2a c:/mounriver/mounriver_studio/toolchain/risc-v embedded gcc/bin/../lib/gcc/riscv-none-embed/8.2.0/../../../../riscv-none-embed/lib/rv32imacxw/ilp32\libg_nano.a(lib_a-fstatr.o)
                0x0000000000001ea6                _fstat_r
 .text._isatty_r
                0x0000000000001ed0       0x28 c:/mounriver/mounriver_studio/toolchain/risc-v embedded gcc/bin/../lib/gcc/riscv-none-embed/8.2.0/../../../../riscv-none-embed/lib/rv32imacxw/ilp32\libg_nano.a(lib_a-isattyr.o)
                0x0000000000001ed0                _isatty_r
 .text._lseek_r
                0x0000000000001ef8       0x2c c:/mounriver/mounriver_studio/toolchain/risc-v embedded gcc/bin/../lib/gcc/riscv-none-embed/8.2.0/../../../../riscv-none-embed/lib/rv32imacxw/ilp32\libg_nano.a(lib_a-lseekr.o)
                0x0000000000001ef8                _lseek_r
 .text.memchr   0x0000000000001f24       0x18 c:/mounriver/mounriver_studio/toolchain/risc-v embedded gcc/bin/../lib/gcc/riscv-none-embed/8.2.0/../../../../riscv-none-embed/lib/rv32imacxw/ilp32\libg_nano.a(lib_a-memchr.o)
                0x0000000000001f24                memchr
 .text.__malloc_lock
                0x0000000000001f3c        0x2 c:/mounriver/mounriver_studio/toolchain/risc-v embedded gcc/bin/../lib/gcc/riscv-none-embed/8.2.0/../../../../riscv-none-embed/lib/rv32imacxw/ilp32\libg_nano.a(lib_a-mlock.o)
                0x0000000000001f3c                __malloc_lock
 .text.__malloc_unlock
                0x0000000000001f3e        0x2 c:/mounriver/mounriver_studio/toolchain/risc-v embedded gcc/bin/../lib/gcc/riscv-none-embed/8.2.0/../../../../riscv-none-embed/lib/rv32imacxw/ilp32\libg_nano.a(lib_a-mlock.o)
                0x0000000000001f3e                __malloc_unlock
 .text._read_r  0x0000000000001f40       0x2c c:/mounriver/mounriver_studio/toolchain/risc-v embedded gcc/bin/../lib/gcc/riscv-none-embed/8.2.0/../../../../riscv-none-embed/lib/rv32imacxw/ilp32\libg_nano.a(lib_a-readr.o)
                0x0000000000001f40                _read_r
 .text._close   0x0000000000001f6c        0xc c:/mounriver/mounriver_studio/toolchain/risc-v embedded gcc/bin/../lib/gcc/riscv-none-embed/8.2.0/../../../../riscv-none-embed/lib/rv32imacxw/ilp32\libnosys.a(close.o)
                0x0000000000001f6c                _close
 .text._fstat   0x0000000000001f78        0xc c:/mounriver/mounriver_studio/toolchain/risc-v embedded gcc/bin/../lib/gcc/riscv-none-embed/8.2.0/../../../../riscv-none-embed/lib/rv32imacxw/ilp32\libnosys.a(fstat.o)
                0x0000000000001f78                _fstat
 .text._isatty  0x0000000000001f84        0xc c:/mounriver/mounriver_studio/toolchain/risc-v embedded gcc/bin/../lib/gcc/riscv-none-embed/8.2.0/../../../../riscv-none-embed/lib/rv32imacxw/ilp32\libnosys.a(isatty.o)
                0x0000000000001f84                _isatty
 .text._lseek   0x0000000000001f90        0xc c:/mounriver/mounriver_studio/toolchain/risc-v embedded gcc/bin/../lib/gcc/riscv-none-embed/8.2.0/../../../../riscv-none-embed/lib/rv32imacxw/ilp32\libnosys.a(lseek.o)
                0x0000000000001f90                _lseek
 .text._read    0x0000000000001f9c        0xc c:/mounriver/mounriver_studio/toolchain/risc-v embedded gcc/bin/../lib/gcc/riscv-none-embed/8.2.0/../../../../riscv-none-embed/lib/rv32imacxw/ilp32\libnosys.a(read.o)
                0x0000000000001f9c                _read
 *(.rodata)
 *(.rodata*)
 *fill*         0x0000000000001fa8        0x0 
 .rodata.main.str1.4
                0x0000000000001fa8       0x43 ./User/main.o
 *fill*         0x0000000000001feb        0x1 
 .rodata.__sf_fake_stderr
                0x0000000000001fec       0x20 c:/mounriver/mounriver_studio/toolchain/risc-v embedded gcc/bin/../lib/gcc/riscv-none-embed/8.2.0/../../../../riscv-none-embed/lib/rv32imacxw/ilp32\libg_nano.a(lib_a-findfp.o)
                0x0000000000001fec                __sf_fake_stderr
 .rodata.__sf_fake_stdin
                0x000000000000200c       0x20 c:/mounriver/mounriver_studio/toolchain/risc-v embedded gcc/bin/../lib/gcc/riscv-none-embed/8.2.0/../../../../riscv-none-embed/lib/rv32imacxw/ilp32\libg_nano.a(lib_a-findfp.o)
                0x000000000000200c                __sf_fake_stdin
 .rodata.__sf_fake_stdout
                0x000000000000202c       0x20 c:/mounriver/mounriver_studio/toolchain/risc-v embedded gcc/bin/../lib/gcc/riscv-none-embed/8.2.0/../../../../riscv-none-embed/lib/rv32imacxw/ilp32\libg_nano.a(lib_a-findfp.o)
                0x000000000000202c                __sf_fake_stdout
 .rodata._vfprintf_r.str1.4
                0x000000000000204c       0x13 c:/mounriver/mounriver_studio/toolchain/risc-v embedded gcc/bin/../lib/gcc/riscv-none-embed/8.2.0/../../../../riscv-none-embed/lib/rv32imacxw/ilp32\libg_nano.a(lib_a-nano-vfprintf.o)
 *fill*         0x000000000000205f        0x1 
 .rodata._printf_i.str1.4
                0x0000000000002060       0x28 c:/mounriver/mounriver_studio/toolchain/risc-v embedded gcc/bin/../lib/gcc/riscv-none-embed/8.2.0/../../../../riscv-none-embed/lib/rv32imacxw/ilp32\libg_nano.a(lib_a-nano-vfprintf_i.o)
                                         0x25 (size before relaxing)
 *(.gnu.linkonce.t.*)
                0x0000000000002088                . = ALIGN (0x4)

.rela.dyn       0x0000000000002088        0x0
 .rela.init     0x0000000000002088        0x0 ./User/IS31FL3731.o
 .rela.vector   0x0000000000002088        0x0 ./User/IS31FL3731.o
 .rela.text.handle_reset
                0x0000000000002088        0x0 ./User/IS31FL3731.o
 .rela.text._sbrk
                0x0000000000002088        0x0 ./User/IS31FL3731.o
 .rela.sdata.curbrk.4664
                0x0000000000002088        0x0 ./User/IS31FL3731.o
 .rela.text._vfprintf_r
                0x0000000000002088        0x0 ./User/IS31FL3731.o
 .rela.text._sbrk_r
                0x0000000000002088        0x0 ./User/IS31FL3731.o
 .rela.text._write_r
                0x0000000000002088        0x0 ./User/IS31FL3731.o
 .rela.text._close_r
                0x0000000000002088        0x0 ./User/IS31FL3731.o
 .rela.text._fstat_r
                0x0000000000002088        0x0 ./User/IS31FL3731.o
 .rela.text._isatty_r
                0x0000000000002088        0x0 ./User/IS31FL3731.o
 .rela.text._lseek_r
                0x0000000000002088        0x0 ./User/IS31FL3731.o
 .rela.text._read_r
                0x0000000000002088        0x0 ./User/IS31FL3731.o
 .rela.text._close
                0x0000000000002088        0x0 ./User/IS31FL3731.o
 .rela.text._fstat
                0x0000000000002088        0x0 ./User/IS31FL3731.o
 .rela.text._isatty
                0x0000000000002088        0x0 ./User/IS31FL3731.o
 .rela.text._lseek
                0x0000000000002088        0x0 ./User/IS31FL3731.o
 .rela.text._read
                0x0000000000002088        0x0 ./User/IS31FL3731.o

.fini           0x0000000000002088        0x0
 *(SORT_NONE(.fini))
                0x0000000000002088                . = ALIGN (0x4)
                [!provide]                        PROVIDE (_etext = .)
                [!provide]                        PROVIDE (_eitcm = .)

.preinit_array  0x0000000000002088        0x0
                [!provide]                        PROVIDE (__preinit_array_start = .)
 *(.preinit_array)
                [!provide]                        PROVIDE (__preinit_array_end = .)

.init_array     0x0000000000002088        0x0
                [!provide]                        PROVIDE (__init_array_start = .)
 *(SORT_BY_INIT_PRIORITY(.init_array.*) SORT_BY_INIT_PRIORITY(.ctors.*))
 *(.init_array EXCLUDE_FILE(*crtend?.o *crtend.o *crtbegin?.o *crtbegin.o) .ctors)
                [!provide]                        PROVIDE (__init_array_end = .)

.fini_array     0x0000000000002088        0x0
                [!provide]                        PROVIDE (__fini_array_start = .)
 *(SORT_BY_INIT_PRIORITY(.fini_array.*) SORT_BY_INIT_PRIORITY(.dtors.*))
 *(.fini_array EXCLUDE_FILE(*crtend?.o *crtend.o *crtbegin?.o *crtbegin.o) .dtors)
                [!provide]                        PROVIDE (__fini_array_end = .)

.ctors
 *crtbegin.o(.ctors)
 *crtbegin?.o(.ctors)
 *(EXCLUDE_FILE(*crtend?.o *crtend.o) .ctors)
 *(SORT_BY_NAME(.ctors.*))
 *(.ctors)

.dtors
 *crtbegin.o(.dtors)
 *crtbegin?.o(.dtors)
 *(EXCLUDE_FILE(*crtend?.o *crtend.o) .dtors)
 *(SORT_BY_NAME(.dtors.*))
 *(.dtors)

.dalign         0x0000000020000000        0x0 load address 0x0000000000002088
                0x0000000020000000                . = ALIGN (0x4)
                0x0000000020000000                PROVIDE (_data_vma = .)

.dlalign        0x0000000000002088        0x0
                0x0000000000002088                . = ALIGN (0x4)
                0x0000000000002088                PROVIDE (_data_lma = .)

.data           0x0000000020000000       0xa0 load address 0x0000000000002088
 *(.gnu.linkonce.r.*)
 *(.data .data.*)
 .data.AHBPrescTable
                0x0000000020000000       0x10 ./User/system_ch32v20x.o
                0x0000000020000000                AHBPrescTable
 .data.APBAHBPrescTable
                0x0000000020000010       0x10 ./Peripheral/src/ch32v20x_rcc.o
 .data.impure_data
                0x0000000020000020       0x60 c:/mounriver/mounriver_studio/toolchain/risc-v embedded gcc/bin/../lib/gcc/riscv-none-embed/8.2.0/../../../../riscv-none-embed/lib/rv32imacxw/ilp32\libg_nano.a(lib_a-impure.o)
 *(.gnu.linkonce.d.*)
                0x0000000020000080                . = ALIGN (0x8)
                0x0000000020000880                PROVIDE (__global_pointer$ = (. + 0x800))
 *(.sdata .sdata.*)
 .sdata.page_now
                0x0000000020000080        0x1 ./User/IS31FL3731.o
                0x0000000020000080                page_now
 *fill*         0x0000000020000081        0x3 
 .sdata.SystemCoreClock
                0x0000000020000084        0x4 ./User/system_ch32v20x.o
                0x0000000020000084                SystemCoreClock
 .sdata.ADCPrescTable
                0x0000000020000088        0x4 ./Peripheral/src/ch32v20x_rcc.o
 .sdata.curbrk.4664
                0x000000002000008c        0x4 ./Debug/debug.o
 .sdata._impure_ptr
                0x0000000020000090        0x4 c:/mounriver/mounriver_studio/toolchain/risc-v embedded gcc/bin/../lib/gcc/riscv-none-embed/8.2.0/../../../../riscv-none-embed/lib/rv32imacxw/ilp32\libg_nano.a(lib_a-impure.o)
                0x0000000020000090                _impure_ptr
 *(.sdata2.*)
 .sdata2._global_impure_ptr
                0x0000000020000094        0x4 c:/mounriver/mounriver_studio/toolchain/risc-v embedded gcc/bin/../lib/gcc/riscv-none-embed/8.2.0/../../../../riscv-none-embed/lib/rv32imacxw/ilp32\libg_nano.a(lib_a-impure.o)
                0x0000000020000094                _global_impure_ptr
 *(.gnu.linkonce.s.*)
                0x0000000020000098                . = ALIGN (0x8)
 *(.srodata.cst16)
 *(.srodata.cst8)
 *(.srodata.cst4)
 *(.srodata.cst2)
 *(.srodata .srodata.*)
 .srodata       0x0000000020000098        0x8 ./User/IS31FL3731.o
                0x00000000200000a0                . = ALIGN (0x4)
                0x00000000200000a0                PROVIDE (_edata = .)

.bss            0x00000000200000a0       0x18 load address 0x0000000000002128
                0x00000000200000a0                . = ALIGN (0x4)
                0x00000000200000a0                PROVIDE (_sbss = .)
 *(.sbss*)
 .sbss.MCU_Version
                0x00000000200000a0        0x1 ./Peripheral/src/ch32v20x_gpio.o
                0x00000000200000a0                MCU_Version
 *fill*         0x00000000200000a1        0x3 
 .sbss.NVIC_Priority_Group
                0x00000000200000a4        0x4 ./Peripheral/src/ch32v20x_misc.o
                0x00000000200000a4                NVIC_Priority_Group
 .sbss.p_ms     0x00000000200000a8        0x2 ./Debug/debug.o
 .sbss.p_us     0x00000000200000aa        0x1 ./Debug/debug.o
 *fill*         0x00000000200000ab        0x1 
 .sbss.__malloc_free_list
                0x00000000200000ac        0x4 c:/mounriver/mounriver_studio/toolchain/risc-v embedded gcc/bin/../lib/gcc/riscv-none-embed/8.2.0/../../../../riscv-none-embed/lib/rv32imacxw/ilp32\libg_nano.a(lib_a-nano-mallocr.o)
                0x00000000200000ac                __malloc_free_list
 .sbss.__malloc_sbrk_start
                0x00000000200000b0        0x4 c:/mounriver/mounriver_studio/toolchain/risc-v embedded gcc/bin/../lib/gcc/riscv-none-embed/8.2.0/../../../../riscv-none-embed/lib/rv32imacxw/ilp32\libg_nano.a(lib_a-nano-mallocr.o)
                0x00000000200000b0                __malloc_sbrk_start
 *(.gnu.linkonce.sb.*)
 *(.bss*)
 *(.gnu.linkonce.b.*)
 *(COMMON*)
 COMMON         0x00000000200000b4        0x4 c:/mounriver/mounriver_studio/toolchain/risc-v embedded gcc/bin/../lib/gcc/riscv-none-embed/8.2.0/../../../../riscv-none-embed/lib/rv32imacxw/ilp32\libg_nano.a(lib_a-reent.o)
                0x00000000200000b4                errno
                0x00000000200000b8                . = ALIGN (0x4)
                0x00000000200000b8                PROVIDE (_ebss = .)
                0x00000000200000b8                PROVIDE (_end = _ebss)
                [!provide]                        PROVIDE (end = .)

.stack          0x0000000020002000      0x800
                0x0000000020002000                PROVIDE (_heap_end = .)
                0x0000000020002000                . = ALIGN (0x4)
                [!provide]                        PROVIDE (_susrstack = .)
                0x0000000020002800                . = (. + __stack_size)
 *fill*         0x0000000020002000      0x800 
                0x0000000020002800                PROVIDE (_eusrstack = .)
OUTPUT(MoonRiverProject_I2C-LED.elf elf32-littleriscv)

.debug_info     0x0000000000000000     0xade7
 .debug_info    0x0000000000000000     0x157d ./User/IS31FL3731.o
 .debug_info    0x000000000000157d      0x962 ./User/ch32v20x_it.o
 .debug_info    0x0000000000001edf      0xe46 ./User/main.o
 .debug_info    0x0000000000002d25      0xb3b ./User/system_ch32v20x.o
 .debug_info    0x0000000000003860       0x22 ./Startup/startup_ch32v20x_D6.o
 .debug_info    0x0000000000003882      0xa94 ./Peripheral/src/ch32v20x_dbgmcu.o
 .debug_info    0x0000000000004316     0x12c8 ./Peripheral/src/ch32v20x_gpio.o
 .debug_info    0x00000000000055de     0x147f ./Peripheral/src/ch32v20x_i2c.o
 .debug_info    0x0000000000006a5d      0xe7c ./Peripheral/src/ch32v20x_misc.o
 .debug_info    0x00000000000078d9     0x125c ./Peripheral/src/ch32v20x_rcc.o
 .debug_info    0x0000000000008b35     0x13b4 ./Peripheral/src/ch32v20x_usart.o
 .debug_info    0x0000000000009ee9      0xefe ./Debug/debug.o

.debug_abbrev   0x0000000000000000     0x219e
 .debug_abbrev  0x0000000000000000      0x437 ./User/IS31FL3731.o
 .debug_abbrev  0x0000000000000437      0x1cf ./User/ch32v20x_it.o
 .debug_abbrev  0x0000000000000606      0x2b8 ./User/main.o
 .debug_abbrev  0x00000000000008be      0x2b0 ./User/system_ch32v20x.o
 .debug_abbrev  0x0000000000000b6e       0x12 ./Startup/startup_ch32v20x_D6.o
 .debug_abbrev  0x0000000000000b80      0x2f7 ./Peripheral/src/ch32v20x_dbgmcu.o
 .debug_abbrev  0x0000000000000e77      0x34b ./Peripheral/src/ch32v20x_gpio.o
 .debug_abbrev  0x00000000000011c2      0x3a7 ./Peripheral/src/ch32v20x_i2c.o
 .debug_abbrev  0x0000000000001569      0x2fb ./Peripheral/src/ch32v20x_misc.o
 .debug_abbrev  0x0000000000001864      0x351 ./Peripheral/src/ch32v20x_rcc.o
 .debug_abbrev  0x0000000000001bb5      0x312 ./Peripheral/src/ch32v20x_usart.o
 .debug_abbrev  0x0000000000001ec7      0x2d7 ./Debug/debug.o

.debug_loc      0x0000000000000000     0x283e
 .debug_loc     0x0000000000000000      0x5e4 ./User/IS31FL3731.o
 .debug_loc     0x00000000000005e4       0x2a ./User/main.o
 .debug_loc     0x000000000000060e       0xac ./User/system_ch32v20x.o
 .debug_loc     0x00000000000006ba       0x6e ./Peripheral/src/ch32v20x_dbgmcu.o
 .debug_loc     0x0000000000000728      0x8d6 ./Peripheral/src/ch32v20x_gpio.o
 .debug_loc     0x0000000000000ffe      0x70d ./Peripheral/src/ch32v20x_i2c.o
 .debug_loc     0x000000000000170b       0xce ./Peripheral/src/ch32v20x_misc.o
 .debug_loc     0x00000000000017d9      0x797 ./Peripheral/src/ch32v20x_rcc.o
 .debug_loc     0x0000000000001f70      0x757 ./Peripheral/src/ch32v20x_usart.o
 .debug_loc     0x00000000000026c7      0x177 ./Debug/debug.o

.debug_aranges  0x0000000000000000      0x5b8
 .debug_aranges
                0x0000000000000000       0x70 ./User/IS31FL3731.o
 .debug_aranges
                0x0000000000000070       0x28 ./User/ch32v20x_it.o
 .debug_aranges
                0x0000000000000098       0x28 ./User/main.o
 .debug_aranges
                0x00000000000000c0       0x28 ./User/system_ch32v20x.o
 .debug_aranges
                0x00000000000000e8       0x30 ./Startup/startup_ch32v20x_D6.o
 .debug_aranges
                0x0000000000000118       0x48 ./Peripheral/src/ch32v20x_dbgmcu.o
 .debug_aranges
                0x0000000000000160       0xb0 ./Peripheral/src/ch32v20x_gpio.o
 .debug_aranges
                0x0000000000000210      0x110 ./Peripheral/src/ch32v20x_i2c.o
 .debug_aranges
                0x0000000000000320       0x28 ./Peripheral/src/ch32v20x_misc.o
 .debug_aranges
                0x0000000000000348      0x128 ./Peripheral/src/ch32v20x_rcc.o
 .debug_aranges
                0x0000000000000470      0x100 ./Peripheral/src/ch32v20x_usart.o
 .debug_aranges
                0x0000000000000570       0x48 ./Debug/debug.o

.debug_ranges   0x0000000000000000      0x620
 .debug_ranges  0x0000000000000000      0x138 ./User/IS31FL3731.o
 .debug_ranges  0x0000000000000138       0x18 ./User/ch32v20x_it.o
 .debug_ranges  0x0000000000000150       0x18 ./User/main.o
 .debug_ranges  0x0000000000000168       0x18 ./User/system_ch32v20x.o
 .debug_ranges  0x0000000000000180       0x28 ./Startup/startup_ch32v20x_D6.o
 .debug_ranges  0x00000000000001a8       0x50 ./Peripheral/src/ch32v20x_dbgmcu.o
 .debug_ranges  0x00000000000001f8       0xa0 ./Peripheral/src/ch32v20x_gpio.o
 .debug_ranges  0x0000000000000298      0x100 ./Peripheral/src/ch32v20x_i2c.o
 .debug_ranges  0x0000000000000398       0x48 ./Peripheral/src/ch32v20x_misc.o
 .debug_ranges  0x00000000000003e0      0x118 ./Peripheral/src/ch32v20x_rcc.o
 .debug_ranges  0x00000000000004f8       0xf0 ./Peripheral/src/ch32v20x_usart.o
 .debug_ranges  0x00000000000005e8       0x38 ./Debug/debug.o

.debug_line     0x0000000000000000     0x79ec
 .debug_line    0x0000000000000000      0xe9d ./User/IS31FL3731.o
 .debug_line    0x0000000000000e9d      0x242 ./User/ch32v20x_it.o
 .debug_line    0x00000000000010df      0x618 ./User/main.o
 .debug_line    0x00000000000016f7      0x5f5 ./User/system_ch32v20x.o
 .debug_line    0x0000000000001cec      0x2a7 ./Startup/startup_ch32v20x_D6.o
 .debug_line    0x0000000000001f93      0x3f3 ./Peripheral/src/ch32v20x_dbgmcu.o
 .debug_line    0x0000000000002386     0x1589 ./Peripheral/src/ch32v20x_gpio.o
 .debug_line    0x000000000000390f     0x11c8 ./Peripheral/src/ch32v20x_i2c.o
 .debug_line    0x0000000000004ad7      0x55c ./Peripheral/src/ch32v20x_misc.o
 .debug_line    0x0000000000005033     0x11fa ./Peripheral/src/ch32v20x_rcc.o
 .debug_line    0x000000000000622d     0x1032 ./Peripheral/src/ch32v20x_usart.o
 .debug_line    0x000000000000725f      0x78d ./Debug/debug.o

.debug_str      0x0000000000000000     0x20ba
 .debug_str     0x0000000000000000      0xa07 ./User/IS31FL3731.o
                                        0xa92 (size before relaxing)
 .debug_str     0x0000000000000a07       0x34 ./User/ch32v20x_it.o
                                        0x5c9 (size before relaxing)
 .debug_str     0x0000000000000a3b       0xfa ./User/main.o
                                        0x87b (size before relaxing)
 .debug_str     0x0000000000000b35       0xdc ./User/system_ch32v20x.o
                                        0x6b2 (size before relaxing)
 .debug_str     0x0000000000000c11       0x75 ./Startup/startup_ch32v20x_D6.o
                                         0xc4 (size before relaxing)
 .debug_str     0x0000000000000c86       0xdf ./Peripheral/src/ch32v20x_dbgmcu.o
                                        0x6a1 (size before relaxing)
 .debug_str     0x0000000000000d65      0x2a2 ./Peripheral/src/ch32v20x_gpio.o
                                        0xa17 (size before relaxing)
 .debug_str     0x0000000000001007      0x381 ./Peripheral/src/ch32v20x_i2c.o
                                        0xb3b (size before relaxing)
 .debug_str     0x0000000000001388      0x4a7 ./Peripheral/src/ch32v20x_misc.o
                                        0xae0 (size before relaxing)
 .debug_str     0x000000000000182f      0x36f ./Peripheral/src/ch32v20x_rcc.o
                                        0xb17 (size before relaxing)
 .debug_str     0x0000000000001b9e      0x45e ./Peripheral/src/ch32v20x_usart.o
                                        0xb72 (size before relaxing)
 .debug_str     0x0000000000001ffc       0xbe ./Debug/debug.o
                                        0x95a (size before relaxing)

.comment        0x0000000000000000       0x33
 .comment       0x0000000000000000       0x33 ./User/IS31FL3731.o
                                         0x34 (size before relaxing)
 .comment       0x0000000000000033       0x34 ./User/ch32v20x_it.o
 .comment       0x0000000000000033       0x34 ./User/main.o
 .comment       0x0000000000000033       0x34 ./User/system_ch32v20x.o
 .comment       0x0000000000000033       0x34 ./Peripheral/src/ch32v20x_dbgmcu.o
 .comment       0x0000000000000033       0x34 ./Peripheral/src/ch32v20x_gpio.o
 .comment       0x0000000000000033       0x34 ./Peripheral/src/ch32v20x_i2c.o
 .comment       0x0000000000000033       0x34 ./Peripheral/src/ch32v20x_misc.o
 .comment       0x0000000000000033       0x34 ./Peripheral/src/ch32v20x_rcc.o
 .comment       0x0000000000000033       0x34 ./Peripheral/src/ch32v20x_usart.o
 .comment       0x0000000000000033       0x34 ./Debug/debug.o

.debug_frame    0x0000000000000000     0x14d8
 .debug_frame   0x0000000000000000      0x1b4 ./User/IS31FL3731.o
 .debug_frame   0x00000000000001b4       0x30 ./User/ch32v20x_it.o
 .debug_frame   0x00000000000001e4       0x58 ./User/main.o
 .debug_frame   0x000000000000023c       0x30 ./User/system_ch32v20x.o
 .debug_frame   0x000000000000026c       0x70 ./Peripheral/src/ch32v20x_dbgmcu.o
 .debug_frame   0x00000000000002dc      0x170 ./Peripheral/src/ch32v20x_gpio.o
 .debug_frame   0x000000000000044c      0x264 ./Peripheral/src/ch32v20x_i2c.o
 .debug_frame   0x00000000000006b0       0x30 ./Peripheral/src/ch32v20x_misc.o
 .debug_frame   0x00000000000006e0      0x244 ./Peripheral/src/ch32v20x_rcc.o
 .debug_frame   0x0000000000000924      0x204 ./Peripheral/src/ch32v20x_usart.o
 .debug_frame   0x0000000000000b28       0x9c ./Debug/debug.o
 .debug_frame   0x0000000000000bc4       0x54 c:/mounriver/mounriver_studio/toolchain/risc-v embedded gcc/bin/../lib/gcc/riscv-none-embed/8.2.0/../../../../riscv-none-embed/lib/rv32imacxw/ilp32\libg_nano.a(lib_a-printf.o)
 .debug_frame   0x0000000000000c18       0x54 c:/mounriver/mounriver_studio/toolchain/risc-v embedded gcc/bin/../lib/gcc/riscv-none-embed/8.2.0/../../../../riscv-none-embed/lib/rv32imacxw/ilp32\libg_nano.a(lib_a-puts.o)
 .debug_frame   0x0000000000000c6c       0x50 c:/mounriver/mounriver_studio/toolchain/risc-v embedded gcc/bin/../lib/gcc/riscv-none-embed/8.2.0/../../../../riscv-none-embed/lib/rv32imacxw/ilp32\libg_nano.a(lib_a-wbuf.o)
 .debug_frame   0x0000000000000cbc       0x3c c:/mounriver/mounriver_studio/toolchain/risc-v embedded gcc/bin/../lib/gcc/riscv-none-embed/8.2.0/../../../../riscv-none-embed/lib/rv32imacxw/ilp32\libg_nano.a(lib_a-wsetup.o)
 .debug_frame   0x0000000000000cf8       0x7c c:/mounriver/mounriver_studio/toolchain/risc-v embedded gcc/bin/../lib/gcc/riscv-none-embed/8.2.0/../../../../riscv-none-embed/lib/rv32imacxw/ilp32\libg_nano.a(lib_a-fflush.o)
 .debug_frame   0x0000000000000d74      0x148 c:/mounriver/mounriver_studio/toolchain/risc-v embedded gcc/bin/../lib/gcc/riscv-none-embed/8.2.0/../../../../riscv-none-embed/lib/rv32imacxw/ilp32\libg_nano.a(lib_a-findfp.o)
 .debug_frame   0x0000000000000ebc       0x88 c:/mounriver/mounriver_studio/toolchain/risc-v embedded gcc/bin/../lib/gcc/riscv-none-embed/8.2.0/../../../../riscv-none-embed/lib/rv32imacxw/ilp32\libg_nano.a(lib_a-fwalk.o)
 .debug_frame   0x0000000000000f44       0x64 c:/mounriver/mounriver_studio/toolchain/risc-v embedded gcc/bin/../lib/gcc/riscv-none-embed/8.2.0/../../../../riscv-none-embed/lib/rv32imacxw/ilp32\libg_nano.a(lib_a-makebuf.o)
 .debug_frame   0x0000000000000fa8       0x40 c:/mounriver/mounriver_studio/toolchain/risc-v embedded gcc/bin/../lib/gcc/riscv-none-embed/8.2.0/../../../../riscv-none-embed/lib/rv32imacxw/ilp32\libg_nano.a(lib_a-nano-freer.o)
 .debug_frame   0x0000000000000fe8       0x40 c:/mounriver/mounriver_studio/toolchain/risc-v embedded gcc/bin/../lib/gcc/riscv-none-embed/8.2.0/../../../../riscv-none-embed/lib/rv32imacxw/ilp32\libg_nano.a(lib_a-nano-mallocr.o)
 .debug_frame   0x0000000000001028       0xd0 c:/mounriver/mounriver_studio/toolchain/risc-v embedded gcc/bin/../lib/gcc/riscv-none-embed/8.2.0/../../../../riscv-none-embed/lib/rv32imacxw/ilp32\libg_nano.a(lib_a-nano-vfprintf.o)
 .debug_frame   0x00000000000010f8       0x8c c:/mounriver/mounriver_studio/toolchain/risc-v embedded gcc/bin/../lib/gcc/riscv-none-embed/8.2.0/../../../../riscv-none-embed/lib/rv32imacxw/ilp32\libg_nano.a(lib_a-nano-vfprintf_i.o)
 .debug_frame   0x0000000000001184       0x30 c:/mounriver/mounriver_studio/toolchain/risc-v embedded gcc/bin/../lib/gcc/riscv-none-embed/8.2.0/../../../../riscv-none-embed/lib/rv32imacxw/ilp32\libg_nano.a(lib_a-sbrkr.o)
 .debug_frame   0x00000000000011b4       0xa4 c:/mounriver/mounriver_studio/toolchain/risc-v embedded gcc/bin/../lib/gcc/riscv-none-embed/8.2.0/../../../../riscv-none-embed/lib/rv32imacxw/ilp32\libg_nano.a(lib_a-stdio.o)
 .debug_frame   0x0000000000001258       0x30 c:/mounriver/mounriver_studio/toolchain/risc-v embedded gcc/bin/../lib/gcc/riscv-none-embed/8.2.0/../../../../riscv-none-embed/lib/rv32imacxw/ilp32\libg_nano.a(lib_a-writer.o)
 .debug_frame   0x0000000000001288       0x30 c:/mounriver/mounriver_studio/toolchain/risc-v embedded gcc/bin/../lib/gcc/riscv-none-embed/8.2.0/../../../../riscv-none-embed/lib/rv32imacxw/ilp32\libg_nano.a(lib_a-closer.o)
 .debug_frame   0x00000000000012b8       0x30 c:/mounriver/mounriver_studio/toolchain/risc-v embedded gcc/bin/../lib/gcc/riscv-none-embed/8.2.0/../../../../riscv-none-embed/lib/rv32imacxw/ilp32\libg_nano.a(lib_a-fstatr.o)
 .debug_frame   0x00000000000012e8       0x30 c:/mounriver/mounriver_studio/toolchain/risc-v embedded gcc/bin/../lib/gcc/riscv-none-embed/8.2.0/../../../../riscv-none-embed/lib/rv32imacxw/ilp32\libg_nano.a(lib_a-isattyr.o)
 .debug_frame   0x0000000000001318       0x30 c:/mounriver/mounriver_studio/toolchain/risc-v embedded gcc/bin/../lib/gcc/riscv-none-embed/8.2.0/../../../../riscv-none-embed/lib/rv32imacxw/ilp32\libg_nano.a(lib_a-lseekr.o)
 .debug_frame   0x0000000000001348       0x20 c:/mounriver/mounriver_studio/toolchain/risc-v embedded gcc/bin/../lib/gcc/riscv-none-embed/8.2.0/../../../../riscv-none-embed/lib/rv32imacxw/ilp32\libg_nano.a(lib_a-memchr.o)
 .debug_frame   0x0000000000001368       0x30 c:/mounriver/mounriver_studio/toolchain/risc-v embedded gcc/bin/../lib/gcc/riscv-none-embed/8.2.0/../../../../riscv-none-embed/lib/rv32imacxw/ilp32\libg_nano.a(lib_a-mlock.o)
 .debug_frame   0x0000000000001398       0x30 c:/mounriver/mounriver_studio/toolchain/risc-v embedded gcc/bin/../lib/gcc/riscv-none-embed/8.2.0/../../../../riscv-none-embed/lib/rv32imacxw/ilp32\libg_nano.a(lib_a-readr.o)
 .debug_frame   0x00000000000013c8       0x70 c:/mounriver/mounriver_studio/toolchain/risc-v embedded gcc/bin/../lib/gcc/riscv-none-embed/8.2.0/../../../../riscv-none-embed/lib/rv32imacxw/ilp32\libg_nano.a(lib_a-reent.o)
 .debug_frame   0x0000000000001438       0x20 c:/mounriver/mounriver_studio/toolchain/risc-v embedded gcc/bin/../lib/gcc/riscv-none-embed/8.2.0/../../../../riscv-none-embed/lib/rv32imacxw/ilp32\libnosys.a(close.o)
 .debug_frame   0x0000000000001458       0x20 c:/mounriver/mounriver_studio/toolchain/risc-v embedded gcc/bin/../lib/gcc/riscv-none-embed/8.2.0/../../../../riscv-none-embed/lib/rv32imacxw/ilp32\libnosys.a(fstat.o)
 .debug_frame   0x0000000000001478       0x20 c:/mounriver/mounriver_studio/toolchain/risc-v embedded gcc/bin/../lib/gcc/riscv-none-embed/8.2.0/../../../../riscv-none-embed/lib/rv32imacxw/ilp32\libnosys.a(isatty.o)
 .debug_frame   0x0000000000001498       0x20 c:/mounriver/mounriver_studio/toolchain/risc-v embedded gcc/bin/../lib/gcc/riscv-none-embed/8.2.0/../../../../riscv-none-embed/lib/rv32imacxw/ilp32\libnosys.a(lseek.o)
 .debug_frame   0x00000000000014b8       0x20 c:/mounriver/mounriver_studio/toolchain/risc-v embedded gcc/bin/../lib/gcc/riscv-none-embed/8.2.0/../../../../riscv-none-embed/lib/rv32imacxw/ilp32\libnosys.a(read.o)

.stab           0x0000000000000000       0x84
 .stab          0x0000000000000000       0x24 c:/mounriver/mounriver_studio/toolchain/risc-v embedded gcc/bin/../lib/gcc/riscv-none-embed/8.2.0/../../../../riscv-none-embed/lib/rv32imacxw/ilp32\libnosys.a(close.o)
 .stab          0x0000000000000024       0x18 c:/mounriver/mounriver_studio/toolchain/risc-v embedded gcc/bin/../lib/gcc/riscv-none-embed/8.2.0/../../../../riscv-none-embed/lib/rv32imacxw/ilp32\libnosys.a(fstat.o)
                                         0x24 (size before relaxing)
 .stab          0x000000000000003c       0x18 c:/mounriver/mounriver_studio/toolchain/risc-v embedded gcc/bin/../lib/gcc/riscv-none-embed/8.2.0/../../../../riscv-none-embed/lib/rv32imacxw/ilp32\libnosys.a(isatty.o)
                                         0x24 (size before relaxing)
 .stab          0x0000000000000054       0x18 c:/mounriver/mounriver_studio/toolchain/risc-v embedded gcc/bin/../lib/gcc/riscv-none-embed/8.2.0/../../../../riscv-none-embed/lib/rv32imacxw/ilp32\libnosys.a(lseek.o)
                                         0x24 (size before relaxing)
 .stab          0x000000000000006c       0x18 c:/mounriver/mounriver_studio/toolchain/risc-v embedded gcc/bin/../lib/gcc/riscv-none-embed/8.2.0/../../../../riscv-none-embed/lib/rv32imacxw/ilp32\libnosys.a(read.o)
                                         0x24 (size before relaxing)

.stabstr        0x0000000000000000      0x117
 .stabstr       0x0000000000000000      0x117 c:/mounriver/mounriver_studio/toolchain/risc-v embedded gcc/bin/../lib/gcc/riscv-none-embed/8.2.0/../../../../riscv-none-embed/lib/rv32imacxw/ilp32\libnosys.a(close.o)
